../Core/Src/Process.c:637:6:DeviceInfo.part.0	8	static
../Core/Src/Process.c:203:6:PROC_Init	8	static
../Core/Src/Process.c:213:6:WaitTime_Init	0	static
../Core/Src/Process.c:225:9:WaitHoldTime_Sec	8	static
../Core/Src/Process.c:244:9:WaitHoldTime_mSec	8	static
../Core/Src/Process.c:264:10:DeviceSetState	0	static
../Core/Src/Process.c:275:9:MCU_AlarmTempMonitor	8	static
../Core/Src/Process.c:428:9:FanCleanCtrl	24	static
../Core/Src/Process.c:469:6:Measure_Start	16	static
../Core/Src/Process.c:477:6:Measure_Stop	8	static
../Core/Src/Process.c:485:6:AssmTxMsg_GetBoundaryVolt	8	static
../Core/Src/Process.c:520:6:SetBoundaryVolt	8	static
../Core/Src/Process.c:559:6:AssmTxMsg_GetAdjustCal	8	static
../Core/Src/Process.c:578:6:SetAdjustCal	4	static
../Core/Src/Process.c:606:6:AssmTxMsg_DeviceInfo	12	static
../Core/Src/Process.c:637:6:DeviceInfo	0	static
../Core/Src/Process.c:657:6:DeviceFirmwareVer	0	static
../Core/Src/Process.c:669:6:RspAssamblyTxMsg	16	static
../Core/Src/Process.c:901:6:PostMessage_Proc	16	static
../Core/Src/Process.c:1101:6:RngOfPdAdcSamplingVal	20	static
../Core/Src/Process.c:1175:6:RngOfSiPmAdcSamplingVal	12	static
../Core/Src/Process.c:307:6:ReadMeasuredVal	24	static
../Core/Src/Process.c:1081:6:Operating_Process	8	static
../Core/Src/Process.c:817:6:Manual_GetAdcMsg	24	static
../Core/Src/Process.c:1199:6:Built_In_Test_Proc	32	static
../Core/Src/Process.c:1659:6:SYSTEM_SEQ	8	static
../Core/Src/Process.c:1781:6:SYSTEM_Process	8	static
