../Core/Src/stm32l4xx_hal_msp.c:66:6:HAL_MspInit	8	static
../Core/Src/stm32l4xx_hal_msp.c:89:6:HAL_ADC_MspInit	48	static
../Core/Src/stm32l4xx_hal_msp.c:147:6:HAL_ADC_MspDeInit	8	static
../Core/Src/stm32l4xx_hal_msp.c:183:6:HAL_I2C_MspInit	88	static
../Core/Src/stm32l4xx_hal_msp.c:230:6:HAL_I2C_MspDeInit	8	static
../Core/Src/stm32l4xx_hal_msp.c:261:6:HAL_TIM_Base_MspInit	16	static
../Core/Src/stm32l4xx_hal_msp.c:287:6:HAL_TIM_Base_MspDeInit	0	static
../Core/Src/stm32l4xx_hal_msp.c:312:6:HAL_UART_MspInit	104	static
../Core/Src/stm32l4xx_hal_msp.c:381:6:HAL_UART_MspDeInit	8	static
