../Core/Src/Parameter.c:14:6:Default_FactorySet	48	static
../Core/Src/Parameter.c:87:7:SetParam_PartcleSize_LoRngVal	24	static
../Core/Src/Parameter.c:98:7:SetParam_PartcleSize_HiRngVal	24	static
../Core/Src/Parameter.c:110:7:SetParam_Const_DpValue	24	static
../Core/Src/Parameter.c:121:7:SetParam_Const_DpvValue	24	static
../Core/Src/Parameter.c:132:7:SetParam_Const_CalValue	24	static
../Core/Src/Parameter.c:143:7:SetParam_Const_CFU_CalValue	24	static
../Core/Src/Parameter.c:154:6:SetCfg_CurrentFanUseTime	16	static
../Core/Src/Parameter.c:159:10:GetCfg_CurrentFanUseTime	8	static
../Core/Src/Parameter.c:165:6:SetCfg_CurrentFanInterValTime	16	static
../Core/Src/Parameter.c:170:10:GetCfg_CurrentFanInterValTime	8	static
../Core/Src/Parameter.c:175:6:SetCfg_Device_ProcType	24	static
../Core/Src/Parameter.c:184:6:GetCfg_Device_ProcType	32	static
../Core/Src/Parameter.c:193:6:SetCfg_Device_ProcSerial	24	static
../Core/Src/Parameter.c:202:6:GetCfg_Device_ProcSerial	32	static
../Core/Src/Parameter.c:211:6:SetCfg_Device_ProcVer	24	static
../Core/Src/Parameter.c:220:6:GetCfg_Device_ProcVer	32	static
../Core/Src/Parameter.c:230:6:SetCfg_DeviceUseCount	16	static
../Core/Src/Parameter.c:238:10:GetCfg_DeviceUseCount	16	static
../Core/Src/Parameter.c:250:9:GetCfg_Flash_Firmware_Write	8	static
../Core/Src/Parameter.c:255:6:SetCfg_Flash_Firmware_Write	8	static
../Core/Src/Parameter.c:262:6:SetParam_BoundaryVolt	16	static
../Core/Src/Parameter.c:274:10:GetParam_BoundaryVolt	24	static
../Core/Src/Parameter.c:292:6:SetParam_AdjCal	16	static
../Core/Src/Parameter.c:303:7:GetParam_AdjCal	24	static
../Core/Src/Parameter.c:323:7:GetParam_PartcleSize_LoRngVal	24	static
../Core/Src/Parameter.c:334:7:GetParam_PartcleSize_HiRngVal	24	static
../Core/Src/Parameter.c:346:7:GetParam_Const_DpValue	24	static
../Core/Src/Parameter.c:357:7:GetParam_Const_DpvValue	24	static
../Core/Src/Parameter.c:368:7:GetParam_Const_CalValue	24	static
../Core/Src/Parameter.c:379:7:GetParam_Const_CFU_CalValue	24	static
../Core/Src/Parameter.c:391:6:Verify_Param_PartcleSize_LoRngVal	24	static
../Core/Src/Parameter.c:402:6:Verify_Param_PartcleSize_HiRngVal	24	static
../Core/Src/Parameter.c:413:6:Verify_Param_AdcRefVolt_LoRngVal	24	static
../Core/Src/Parameter.c:424:6:Verify_Param_AdcRefVolt_HiRngVal	24	static
../Core/Src/Parameter.c:436:6:Verify_Param_Const_DpValue	24	static
../Core/Src/Parameter.c:447:6:Verify_Param_Const_DpvValue	24	static
../Core/Src/Parameter.c:458:6:Verify_Param_Const_CalValue	24	static
../Core/Src/Parameter.c:469:6:Verify_Param_Const_CFU_CalValue	24	static
../Core/Src/Parameter.c:477:6:PARAM_Init	24	static
../Core/Src/Parameter.c:489:6:PARAM_Process	16	static
