Archive member included to satisfy reference by file (symbol)

C:/ST/STM32CubeIDE_1.19.0/STM32CubeIDE/plugins/com.st.stm32cube.ide.mcu.externaltools.gnu-tools-for-stm32.13.3.rel1.win32_1.0.0.202411081344/tools/bin/../lib/gcc/arm-none-eabi/13.3.1/../../../../arm-none-eabi/lib/thumb/v7e-m+fp/hard\libc_nano.a(libc_a-exit.o)
                              C:/ST/STM32CubeIDE_1.19.0/STM32CubeIDE/plugins/com.st.stm32cube.ide.mcu.externaltools.gnu-tools-for-stm32.13.3.rel1.win32_1.0.0.202411081344/tools/bin/../lib/gcc/arm-none-eabi/13.3.1/../../../../arm-none-eabi/lib/thumb/v7e-m+fp/hard/crt0.o (exit)
C:/ST/STM32CubeIDE_1.19.0/STM32CubeIDE/plugins/com.st.stm32cube.ide.mcu.externaltools.gnu-tools-for-stm32.13.3.rel1.win32_1.0.0.202411081344/tools/bin/../lib/gcc/arm-none-eabi/13.3.1/../../../../arm-none-eabi/lib/thumb/v7e-m+fp/hard\libc_nano.a(libc_a-findfp.o)
                              C:/ST/STM32CubeIDE_1.19.0/STM32CubeIDE/plugins/com.st.stm32cube.ide.mcu.externaltools.gnu-tools-for-stm32.13.3.rel1.win32_1.0.0.202411081344/tools/bin/../lib/gcc/arm-none-eabi/13.3.1/../../../../arm-none-eabi/lib/thumb/v7e-m+fp/hard\libc_nano.a(libc_a-exit.o) (__stdio_exit_handler)
C:/ST/STM32CubeIDE_1.19.0/STM32CubeIDE/plugins/com.st.stm32cube.ide.mcu.externaltools.gnu-tools-for-stm32.13.3.rel1.win32_1.0.0.202411081344/tools/bin/../lib/gcc/arm-none-eabi/13.3.1/../../../../arm-none-eabi/lib/thumb/v7e-m+fp/hard\libc_nano.a(libc_a-fwalk.o)
                              C:/ST/STM32CubeIDE_1.19.0/STM32CubeIDE/plugins/com.st.stm32cube.ide.mcu.externaltools.gnu-tools-for-stm32.13.3.rel1.win32_1.0.0.202411081344/tools/bin/../lib/gcc/arm-none-eabi/13.3.1/../../../../arm-none-eabi/lib/thumb/v7e-m+fp/hard\libc_nano.a(libc_a-findfp.o) (_fwalk_sglue)
C:/ST/STM32CubeIDE_1.19.0/STM32CubeIDE/plugins/com.st.stm32cube.ide.mcu.externaltools.gnu-tools-for-stm32.13.3.rel1.win32_1.0.0.202411081344/tools/bin/../lib/gcc/arm-none-eabi/13.3.1/../../../../arm-none-eabi/lib/thumb/v7e-m+fp/hard\libc_nano.a(libc_a-stdio.o)
                              C:/ST/STM32CubeIDE_1.19.0/STM32CubeIDE/plugins/com.st.stm32cube.ide.mcu.externaltools.gnu-tools-for-stm32.13.3.rel1.win32_1.0.0.202411081344/tools/bin/../lib/gcc/arm-none-eabi/13.3.1/../../../../arm-none-eabi/lib/thumb/v7e-m+fp/hard\libc_nano.a(libc_a-findfp.o) (__sread)
C:/ST/STM32CubeIDE_1.19.0/STM32CubeIDE/plugins/com.st.stm32cube.ide.mcu.externaltools.gnu-tools-for-stm32.13.3.rel1.win32_1.0.0.202411081344/tools/bin/../lib/gcc/arm-none-eabi/13.3.1/../../../../arm-none-eabi/lib/thumb/v7e-m+fp/hard\libc_nano.a(libc_a-memset.o)
                              C:/ST/STM32CubeIDE_1.19.0/STM32CubeIDE/plugins/com.st.stm32cube.ide.mcu.externaltools.gnu-tools-for-stm32.13.3.rel1.win32_1.0.0.202411081344/tools/bin/../lib/gcc/arm-none-eabi/13.3.1/../../../../arm-none-eabi/lib/thumb/v7e-m+fp/hard/crt0.o (memset)
C:/ST/STM32CubeIDE_1.19.0/STM32CubeIDE/plugins/com.st.stm32cube.ide.mcu.externaltools.gnu-tools-for-stm32.13.3.rel1.win32_1.0.0.202411081344/tools/bin/../lib/gcc/arm-none-eabi/13.3.1/../../../../arm-none-eabi/lib/thumb/v7e-m+fp/hard\libc_nano.a(libc_a-closer.o)
                              C:/ST/STM32CubeIDE_1.19.0/STM32CubeIDE/plugins/com.st.stm32cube.ide.mcu.externaltools.gnu-tools-for-stm32.13.3.rel1.win32_1.0.0.202411081344/tools/bin/../lib/gcc/arm-none-eabi/13.3.1/../../../../arm-none-eabi/lib/thumb/v7e-m+fp/hard\libc_nano.a(libc_a-stdio.o) (_close_r)
C:/ST/STM32CubeIDE_1.19.0/STM32CubeIDE/plugins/com.st.stm32cube.ide.mcu.externaltools.gnu-tools-for-stm32.13.3.rel1.win32_1.0.0.202411081344/tools/bin/../lib/gcc/arm-none-eabi/13.3.1/../../../../arm-none-eabi/lib/thumb/v7e-m+fp/hard\libc_nano.a(libc_a-reent.o)
                              C:/ST/STM32CubeIDE_1.19.0/STM32CubeIDE/plugins/com.st.stm32cube.ide.mcu.externaltools.gnu-tools-for-stm32.13.3.rel1.win32_1.0.0.202411081344/tools/bin/../lib/gcc/arm-none-eabi/13.3.1/../../../../arm-none-eabi/lib/thumb/v7e-m+fp/hard\libc_nano.a(libc_a-closer.o) (errno)
C:/ST/STM32CubeIDE_1.19.0/STM32CubeIDE/plugins/com.st.stm32cube.ide.mcu.externaltools.gnu-tools-for-stm32.13.3.rel1.win32_1.0.0.202411081344/tools/bin/../lib/gcc/arm-none-eabi/13.3.1/../../../../arm-none-eabi/lib/thumb/v7e-m+fp/hard\libc_nano.a(libc_a-impure.o)
                              C:/ST/STM32CubeIDE_1.19.0/STM32CubeIDE/plugins/com.st.stm32cube.ide.mcu.externaltools.gnu-tools-for-stm32.13.3.rel1.win32_1.0.0.202411081344/tools/bin/../lib/gcc/arm-none-eabi/13.3.1/../../../../arm-none-eabi/lib/thumb/v7e-m+fp/hard\libc_nano.a(libc_a-reent.o) (_impure_ptr)
C:/ST/STM32CubeIDE_1.19.0/STM32CubeIDE/plugins/com.st.stm32cube.ide.mcu.externaltools.gnu-tools-for-stm32.13.3.rel1.win32_1.0.0.202411081344/tools/bin/../lib/gcc/arm-none-eabi/13.3.1/../../../../arm-none-eabi/lib/thumb/v7e-m+fp/hard\libc_nano.a(libc_a-lseekr.o)
[...]
Memory Configuration

Name             Origin             Length             Attributes
RAM              0x20000000         0x00008000         xrw
RAM2             0x10000000         0x00002000         xrw
FLASH            0x08000000         0x00020000         xr
*default*        0x00000000         0xffffffff

Linker script and memory map

LOAD C:/ST/STM32CubeIDE_1.19.0/STM32CubeIDE/plugins/com.st.stm32cube.ide.mcu.externaltools.gnu-tools-for-stm32.13.3.rel1.win32_1.0.0.202411081344/tools/bin/../lib/gcc/arm-none-eabi/13.3.1/thumb/v7e-m+fp/hard/crti.o
LOAD C:/ST/STM32CubeIDE_1.19.0/STM32CubeIDE/plugins/com.st.stm32cube.ide.mcu.externaltools.gnu-tools-for-stm32.13.3.rel1.win32_1.0.0.202411081344/tools/bin/../lib/gcc/arm-none-eabi/13.3.1/thumb/v7e-m+fp/hard/crtbegin.o
LOAD C:/ST/STM32CubeIDE_1.19.0/STM32CubeIDE/plugins/com.st.stm32cube.ide.mcu.externaltools.gnu-tools-for-stm32.13.3.rel1.win32_1.0.0.202411081344/tools/bin/../lib/gcc/arm-none-eabi/13.3.1/../../../../arm-none-eabi/lib/thumb/v7e-m+fp/hard/crt0.o
LOAD ./Core/Src/24LC16B.o
LOAD ./Core/Src/Config.o
LOAD ./Core/Src/Ext_IO.o
LOAD ./Core/Src/Fan.o
LOAD ./Core/Src/Mesaure.o
LOAD ./Core/Src/Parameter.o
LOAD ./Core/Src/Process.o
LOAD ./Core/Src/Uart.o
LOAD ./Core/Src/adc.o
LOAD ./Core/Src/dma.o
LOAD ./Core/Src/gpio.o
LOAD ./Core/Src/i2c.o
LOAD ./Core/Src/main.o
LOAD ./Core/Src/stm32l4xx_hal_msp.o
LOAD ./Core/Src/stm32l4xx_it.o
LOAD ./Core/Src/syscalls.o
LOAD ./Core/Src/sysmem.o
LOAD ./Core/Src/system_stm32l4xx.o
LOAD ./Core/Src/tim.o
LOAD ./Core/Src/usart.o
LOAD ./Core/Startup/startup_stm32l412kbux.o
LOAD ./Drivers/STM32L4xx_HAL_Driver/Src/stm32l4xx_hal.o
LOAD ./Drivers/STM32L4xx_HAL_Driver/Src/stm32l4xx_hal_adc.o
LOAD ./Drivers/STM32L4xx_HAL_Driver/Src/stm32l4xx_hal_adc_ex.o
LOAD ./Drivers/STM32L4xx_HAL_Driver/Src/stm32l4xx_hal_cortex.o
LOAD ./Drivers/STM32L4xx_HAL_Driver/Src/stm32l4xx_hal_dma.o
LOAD ./Drivers/STM32L4xx_HAL_Driver/Src/stm32l4xx_hal_dma_ex.o
LOAD ./Drivers/STM32L4xx_HAL_Driver/Src/stm32l4xx_hal_exti.o
LOAD ./Drivers/STM32L4xx_HAL_Driver/Src/stm32l4xx_hal_flash.o
LOAD ./Drivers/STM32L4xx_HAL_Driver/Src/stm32l4xx_hal_flash_ex.o
LOAD ./Drivers/STM32L4xx_HAL_Driver/Src/stm32l4xx_hal_flash_ramfunc.o
LOAD ./Drivers/STM32L4xx_HAL_Driver/Src/stm32l4xx_hal_gpio.o
LOAD ./Drivers/STM32L4xx_HAL_Driver/Src/stm32l4xx_hal_i2c.o
LOAD ./Drivers/STM32L4xx_HAL_Driver/Src/stm32l4xx_hal_i2c_ex.o
LOAD ./Drivers/STM32L4xx_HAL_Driver/Src/stm32l4xx_hal_pwr.o
LOAD ./Drivers/STM32L4xx_HAL_Driver/Src/stm32l4xx_hal_pwr_ex.o
LOAD ./Drivers/STM32L4xx_HAL_Driver/Src/stm32l4xx_hal_rcc.o
LOAD ./Drivers/STM32L4xx_HAL_Driver/Src/stm32l4xx_hal_rcc_ex.o
LOAD ./Drivers/STM32L4xx_HAL_Driver/Src/stm32l4xx_hal_tim.o
LOAD ./Drivers/STM32L4xx_HAL_Driver/Src/stm32l4xx_hal_tim_ex.o
LOAD ./Drivers/STM32L4xx_HAL_Driver/Src/stm32l4xx_hal_uart.o
LOAD ./Drivers/STM32L4xx_HAL_Driver/Src/stm32l4xx_hal_uart_ex.o
START GROUP
LOAD C:/ST/STM32CubeIDE_1.19.0/STM32CubeIDE/plugins/com.st.stm32cube.ide.mcu.externaltools.gnu-tools-for-stm32.13.3.rel1.win32_1.0.0.202411081344/tools/bin/../lib/gcc/arm-none-eabi/13.3.1/../../../../arm-none-eabi/lib/thumb/v7e-m+fp/hard\libc_nano.a
LOAD C:/ST/STM32CubeIDE_1.19.0/STM32CubeIDE/plugins/com.st.stm32cube.ide.mcu.externaltools.gnu-tools-for-stm32.13.3.rel1.win32_1.0.0.202411081344/tools/bin/../lib/gcc/arm-none-eabi/13.3.1/../../../../arm-none-eabi/lib/thumb/v7e-m+fp/hard\libm.a
END GROUP
START GROUP
LOAD C:/ST/STM32CubeIDE_1.19.0/STM32CubeIDE/plugins/com.st.stm32cube.ide.mcu.externaltools.gnu-tools-for-stm32.13.3.rel1.win32_1.0.0.202411081344/tools/bin/../lib/gcc/arm-none-eabi/13.3.1/thumb/v7e-m+fp/hard\libgcc.a
LOAD C:/ST/STM32CubeIDE_1.19.0/STM32CubeIDE/plugins/com.st.stm32cube.ide.mcu.externaltools.gnu-tools-for-stm32.13.3.rel1.win32_1.0.0.202411081344/tools/bin/../lib/gcc/arm-none-eabi/13.3.1/../../../../arm-none-eabi/lib/thumb/v7e-m+fp/hard\libc_nano.a
END GROUP
START GROUP
LOAD C:/ST/STM32CubeIDE_1.19.0/STM32CubeIDE/plugins/com.st.stm32cube.ide.mcu.externaltools.gnu-tools-for-stm32.13.3.rel1.win32_1.0.0.202411081344/tools/bin/../lib/gcc/arm-none-eabi/13.3.1/thumb/v7e-m+fp/hard\libgcc.a
LOAD C:/ST/STM32CubeIDE_1.19.0/STM32CubeIDE/plugins/com.st.stm32cube.ide.mcu.externaltools.gnu-tools-for-stm32.13.3.rel1.win32_1.0.0.202411081344/tools/bin/../lib/gcc/arm-none-eabi/13.3.1/../../../../arm-none-eabi/lib/thumb/v7e-m+fp/hard\libc_nano.a
LOAD C:/ST/STM32CubeIDE_1.19.0/STM32CubeIDE/plugins/com.st.stm32cube.ide.mcu.externaltools.gnu-tools-for-stm32.13.3.rel1.win32_1.0.0.202411081344/tools/bin/../lib/gcc/arm-none-eabi/13.3.1/../../../../arm-none-eabi/lib/thumb/v7e-m+fp/hard\libnosys.a
END GROUP
START GROUP
LOAD C:/ST/STM32CubeIDE_1.19.0/STM32CubeIDE/plugins/com.st.stm32cube.ide.mcu.externaltools.gnu-tools-for-stm32.13.3.rel1.win32_1.0.0.202411081344/tools/bin/../lib/gcc/arm-none-eabi/13.3.1/thumb/v7e-m+fp/hard\libgcc.a
LOAD C:/ST/STM32CubeIDE_1.19.0/STM32CubeIDE/plugins/com.st.stm32cube.ide.mcu.externaltools.gnu-tools-for-stm32.13.3.rel1.win32_1.0.0.202411081344/tools/bin/../lib/gcc/arm-none-eabi/13.3.1/../../../../arm-none-eabi/lib/thumb/v7e-m+fp/hard\libc_nano.a
LOAD C:/ST/STM32CubeIDE_1.19.0/STM32CubeIDE/plugins/com.st.stm32cube.ide.mcu.externaltools.gnu-tools-for-stm32.13.3.rel1.win32_1.0.0.202411081344/tools/bin/../lib/gcc/arm-none-eabi/13.3.1/../../../../arm-none-eabi/lib/thumb/v7e-m+fp/hard\libnosys.a
END GROUP
LOAD C:/ST/STM32CubeIDE_1.19.0/STM32CubeIDE/plugins/com.st.stm32cube.ide.mcu.externaltools.gnu-tools-for-stm32.13.3.rel1.win32_1.0.0.202411081344/tools/bin/../lib/gcc/arm-none-eabi/13.3.1/thumb/v7e-m+fp/hard/crtend.o
LOAD C:/ST/STM32CubeIDE_1.19.0/STM32CubeIDE/plugins/com.st.stm32cube.ide.mcu.externaltools.gnu-tools-for-stm32.13.3.rel1.win32_1.0.0.202411081344/tools/bin/../lib/gcc/arm-none-eabi/13.3.1/thumb/v7e-m+fp/hard/crtn.o
                0x20008000                        _estack = (ORIGIN (RAM) + LENGTH (RAM))
                0x00000200                        _Min_Heap_Size = 0x200
                0x00000400                        _Min_Stack_Size = 0x400

.isr_vector     0x08000000      0x18c
                0x08000000                        . = ALIGN (0x4)
 *(.isr_vector)
 .isr_vector    0x08000000      0x18c ./Core/Startup/startup_stm32l412kbux.o
                0x08000000                g_pfnVectors
                0x0800018c                        . = ALIGN (0x4)

.text           0x08000190     0x6b0c
                0x08000190                        . = ALIGN (0x4)
 *(.text)
 .text          0x08000190       0x40 C:/ST/STM32CubeIDE_1.19.0/STM32CubeIDE/plugins/com.st.stm32cube.ide.mcu.externaltools.gnu-tools-for-stm32.13.3.rel1.win32_1.0.0.202411081344/tools/bin/../lib/gcc/arm-none-eabi/13.3.1/thumb/v7e-m+fp/hard/crtbegin.o
 .text          0x080001d0      0x378 C:/ST/STM32CubeIDE_1.19.0/STM32CubeIDE/plugins/com.st.stm32cube.ide.mcu.externaltools.gnu-tools-for-stm32.13.3.rel1.win32_1.0.0.202411081344/tools/bin/../lib/gcc/arm-none-eabi/13.3.1/thumb/v7e-m+fp/hard\libgcc.a(_arm_addsubdf3.o)
                0x080001d0                __aeabi_drsub
                0x080001d8                __aeabi_dsub
                0x080001d8                __subdf3
                0x080001dc                __aeabi_dadd
                0x080001dc                __adddf3
                0x08000454                __floatunsidf
                0x08000454                __aeabi_ui2d
                0x08000474                __floatsidf
                0x08000474                __aeabi_i2d
                0x08000498                __aeabi_f2d
                0x08000498                __extendsfdf2
                0x080004dc                __floatundidf
                0x080004dc                __aeabi_ul2d
                0x080004ec                __floatdidf
                0x080004ec                __aeabi_l2d
 .text          0x08000548      0x424 C:/ST/STM32CubeIDE_1.19.0/STM32CubeIDE/plugins/com.st.stm32cube.ide.mcu.externaltools.gnu-tools-for-stm32.13.3.rel1.win32_1.0.0.202411081344/tools/bin/../lib/gcc/arm-none-eabi/13.3.1/thumb/v7e-m+fp/hard\libgcc.a(_arm_muldivdf3.o)
                0x08000548                __aeabi_dmul
                0x08000548                __muldf3
                0x0800079c                __divdf3
                0x0800079c                __aeabi_ddiv
 .text          0x0800096c       0xa0 C:/ST/STM32CubeIDE_1.19.0/STM32CubeIDE/plugins/com.st.stm32cube.ide.mcu.externaltools.gnu-tools-for-stm32.13.3.rel1.win32_1.0.0.202411081344/tools/bin/../lib/gcc/arm-none-eabi/13.3.1/thumb/v7e-m+fp/hard\libgcc.a(_arm_truncdfsf2.o)
                0x0800096c                __truncdfsf2
                0x0800096c                __aeabi_d2f
 .text          0x08000a0c       0x30 C:/ST/STM32CubeIDE_1.19.0/STM32CubeIDE/plugins/com.st.stm32cube.ide.mcu.externaltools.gnu-tools-for-stm32.13.3.rel1.win32_1.0.0.202411081344/tools/bin/../lib/gcc/arm-none-eabi/13.3.1/thumb/v7e-m+fp/hard\libgcc.a(_aeabi_uldivmod.o)
                0x08000a0c                __aeabi_uldivmod
 .text          0x08000a3c      0x2f8 C:/ST/STM32CubeIDE_1.19.0/STM32CubeIDE/plugins/com.st.stm32cube.ide.mcu.externaltools.gnu-tools-for-stm32.13.3.rel1.win32_1.0.0.202411081344/tools/bin/../lib/gcc/arm-none-eabi/13.3.1/thumb/v7e-m+fp/hard\libgcc.a(_udivmoddi4.o)
                0x08000a3c                __udivmoddi4
 .text          0x08000d34        0x4 C:/ST/STM32CubeIDE_1.19.0/STM32CubeIDE/plugins/com.st.stm32cube.ide.mcu.externaltools.gnu-tools-for-stm32.13.3.rel1.win32_1.0.0.202411081344/tools/bin/../lib/gcc/arm-none-eabi/13.3.1/thumb/v7e-m+fp/hard\libgcc.a(_dvmd_tls.o)
                0x08000d34                __aeabi_idiv0
                0x08000d34                __aeabi_ldiv0
 *(.text*)
 .text.I2C_EEP_Read
                0x08000d38       0x54 ./Core/Src/24LC16B.o
 .text.I2C_EEP_Write
                0x08000d8c       0x64 ./Core/Src/24LC16B.o
 .text.I2C_EEP_Init
                0x08000df0       0x30 ./Core/Src/24LC16B.o
                0x08000df0                I2C_EEP_Init
 .text.I2C_EEP_READ_U08
                0x08000e20        0x4 ./Core/Src/24LC16B.o
                0x08000e20                I2C_EEP_READ_U08
 .text.I2C_EEP_READ_U16
                0x08000e24       0x18 ./Core/Src/24LC16B.o
                0x08000e24                I2C_EEP_READ_U16
 .text.I2C_EEP_READ_U32
                0x08000e3c       0x2a ./Core/Src/24LC16B.o
                0x08000e3c                I2C_EEP_READ_U32
 .text.I2C_EEP_READ_FLOAT
                0x08000e66       0x32 ./Core/Src/24LC16B.o
                0x08000e66                I2C_EEP_READ_FLOAT
 .text.I2C_EEP_WRITE_U08
                0x08000e98       0x18 ./Core/Src/24LC16B.o
                0x08000e98                I2C_EEP_WRITE_U08
 .text.I2C_EEP_WRITE_U16
                0x08000eb0       0x32 ./Core/Src/24LC16B.o
                0x08000eb0                I2C_EEP_WRITE_U16
 .text.I2C_EEP_WRITE_U32
                0x08000ee2       0x64 ./Core/Src/24LC16B.o
                0x08000ee2                I2C_EEP_WRITE_U32
 .text.I2C_EEP_WRITE_FLOAT
                0x08000f46       0x6a ./Core/Src/24LC16B.o
                0x08000f46                I2C_EEP_WRITE_FLOAT
 .text.EXT_LD_Ctrl
                0x08000fb0       0x34 ./Core/Src/Ext_IO.o
                0x08000fb0                EXT_LD_Ctrl
 .text.EXT_HV_Ctrl
                0x08000fe4       0x34 ./Core/Src/Ext_IO.o
                0x08000fe4                EXT_HV_Ctrl
 .text.EXT_PD_Ctrl
                0x08001018       0x34 ./Core/Src/Ext_IO.o
                0x08001018                EXT_PD_Ctrl
 .text.EXT_SiPM_Ctrl
                0x0800104c       0x34 ./Core/Src/Ext_IO.o
                0x0800104c                EXT_SiPM_Ctrl
 .text.EXT_Init
                0x08001080       0x74 ./Core/Src/Ext_IO.o
                0x08001080                EXT_Init
 .text.ADC_PD_Measuerment
                0x080010f4       0x58 ./Core/Src/Ext_IO.o
                0x080010f4                ADC_PD_Measuerment
 .text.ADC_LD_Measuerment
                0x0800114c       0x64 ./Core/Src/Ext_IO.o
                0x0800114c                ADC_LD_Measuerment
 .text.ADC_HV_Measuerment
                0x080011b0       0x64 ./Core/Src/Ext_IO.o
                0x080011b0                ADC_HV_Measuerment
 .text.ADC_SiPM_Measuerment
                0x08001214       0x58 ./Core/Src/Ext_IO.o
                0x08001214                ADC_SiPM_Measuerment
 *fill*         0x0800126c        0x4 
 .text.ADC_ChkCondition
                0x08001270       0x70 ./Core/Src/Ext_IO.o
                0x08001270                ADC_ChkCondition
 .text.FAN_Init
                0x080012e0       0x28 ./Core/Src/Fan.o
                0x080012e0                FAN_Init
 .text.FAN_Ctrl
                0x08001308       0x64 ./Core/Src/Fan.o
                0x08001308                FAN_Ctrl
 .text.FAN_RpmMeasuerment
                0x0800136c       0x24 ./Core/Src/Fan.o
                0x0800136c                FAN_RpmMeasuerment
 .text.FAN_ChkCondition
                0x08001390       0x70 ./Core/Src/Fan.o
                0x08001390                FAN_ChkCondition
 .text.Calc_Init
                0x08001400       0x34 ./Core/Src/Mesaure.o
                0x08001400                Calc_Init
 .text.Calc_GetSelNumConnect
                0x08001434       0x74 ./Core/Src/Mesaure.o
                0x08001434                Calc_GetSelNumConnect
 .text.Calc_GetNumberConcent
                0x080014a8       0x40 ./Core/Src/Mesaure.o
                0x080014a8                Calc_GetNumberConcent
 .text.Calc_GetSelMassConnect
                0x080014e8       0x8c ./Core/Src/Mesaure.o
                0x080014e8                Calc_GetSelMassConnect
 .text.Calc_GetMassConcentration
                0x08001574       0x3c ./Core/Src/Mesaure.o
                0x08001574                Calc_GetMassConcentration
 .text.Calc_GetTypicalPaticleSize
                0x080015b0       0x5c ./Core/Src/Mesaure.o
                0x080015b0                Calc_GetTypicalPaticleSize
 .text.SetCfg_CurrentFanUseTime
                0x0800160c        0x8 ./Core/Src/Parameter.o
                0x0800160c                SetCfg_CurrentFanUseTime
 .text.GetCfg_CurrentFanUseTime
                0x08001614        0x6 ./Core/Src/Parameter.o
                0x08001614                GetCfg_CurrentFanUseTime
 .text.SetCfg_CurrentFanInterValTime
                0x0800161a        0x8 ./Core/Src/Parameter.o
                0x0800161a                SetCfg_CurrentFanInterValTime
 .text.GetCfg_CurrentFanInterValTime
                0x08001622        0x6 ./Core/Src/Parameter.o
                0x08001622                GetCfg_CurrentFanInterValTime
 .text.SetCfg_Device_ProcType
                0x08001628       0x18 ./Core/Src/Parameter.o
                0x08001628                SetCfg_Device_ProcType
 .text.GetCfg_Device_ProcType
                0x08001640       0x18 ./Core/Src/Parameter.o
                0x08001640                GetCfg_Device_ProcType
 .text.SetCfg_Device_ProcSerial
                0x08001658       0x18 ./Core/Src/Parameter.o
                0x08001658                SetCfg_Device_ProcSerial
 .text.GetCfg_Device_ProcSerial
                0x08001670       0x18 ./Core/Src/Parameter.o
                0x08001670                GetCfg_Device_ProcSerial
 .text.SetCfg_Device_ProcVer
                0x08001688       0x18 ./Core/Src/Parameter.o
                0x08001688                SetCfg_Device_ProcVer
 .text.Default_FactorySet
                0x080016a0      0x10c ./Core/Src/Parameter.o
                0x080016a0                Default_FactorySet
 .text.GetCfg_Device_ProcVer
                0x080017ac       0x18 ./Core/Src/Parameter.o
                0x080017ac                GetCfg_Device_ProcVer
 .text.SetCfg_DeviceUseCount
                0x080017c4       0x2c ./Core/Src/Parameter.o
                0x080017c4                SetCfg_DeviceUseCount
 .text.GetCfg_DeviceUseCount
                0x080017f0       0x2a ./Core/Src/Parameter.o
                0x080017f0                GetCfg_DeviceUseCount
 .text.SetCfg_Flash_Firmware_Write
                0x0800181a        0x8 ./Core/Src/Parameter.o
                0x0800181a                SetCfg_Flash_Firmware_Write
 .text.SetParam_BoundaryVolt
                0x08001822       0x34 ./Core/Src/Parameter.o
                0x08001822                SetParam_BoundaryVolt
 .text.SetParam_AdjCal
                0x08001856       0x30 ./Core/Src/Parameter.o
                0x08001856                SetParam_AdjCal
 *fill*         0x08001886        0x2 
 .text.PARAM_Init
                0x08001888       0x28 ./Core/Src/Parameter.o
                0x08001888                PARAM_Init
 .text.PARAM_Process
                0x080018b0      0x134 ./Core/Src/Parameter.o
                0x080018b0                PARAM_Process
 .text.DeviceInfo.part.0
                0x080019e4       0x2c ./Core/Src/Process.o
 .text.PROC_Init
                0x08001a10       0x44 ./Core/Src/Process.o
                0x08001a10                PROC_Init
 .text.WaitTime_Init
                0x08001a54       0x1c ./Core/Src/Process.o
                0x08001a54                WaitTime_Init
 .text.WaitHoldTime_Sec
                0x08001a70       0x28 ./Core/Src/Process.o
                0x08001a70                WaitHoldTime_Sec
 .text.WaitHoldTime_mSec
                0x08001a98       0x28 ./Core/Src/Process.o
                0x08001a98                WaitHoldTime_mSec
 .text.MCU_AlarmTempMonitor
                0x08001ac0       0x70 ./Core/Src/Process.o
                0x08001ac0                MCU_AlarmTempMonitor
 .text.FanCleanCtrl
                0x08001b30      0x104 ./Core/Src/Process.o
                0x08001b30                FanCleanCtrl
 .text.Measure_Start
                0x08001c34       0x54 ./Core/Src/Process.o
                0x08001c34                Measure_Start
 .text.Measure_Stop
                0x08001c88       0x60 ./Core/Src/Process.o
                0x08001c88                Measure_Stop
 .text.AssmTxMsg_GetBoundaryVolt
                0x08001ce8       0xc0 ./Core/Src/Process.o
                0x08001ce8                AssmTxMsg_GetBoundaryVolt
 .text.SetBoundaryVolt
                0x08001da8       0x74 ./Core/Src/Process.o
                0x08001da8                SetBoundaryVolt
 .text.AssmTxMsg_GetAdjustCal
                0x08001e1c       0x78 ./Core/Src/Process.o
                0x08001e1c                AssmTxMsg_GetAdjustCal
 .text.SetAdjustCal
                0x08001e94       0x5c ./Core/Src/Process.o
                0x08001e94                SetAdjustCal
 .text.AssmTxMsg_DeviceInfo
                0x08001ef0       0x94 ./Core/Src/Process.o
                0x08001ef0                AssmTxMsg_DeviceInfo
 .text.DeviceInfo
                0x08001f84       0x28 ./Core/Src/Process.o
                0x08001f84                DeviceInfo
 .text.DeviceFirmwareVer
                0x08001fac       0x24 ./Core/Src/Process.o
                0x08001fac                DeviceFirmwareVer
 .text.RspAssamblyTxMsg
                0x08001fd0      0x21c ./Core/Src/Process.o
                0x08001fd0                RspAssamblyTxMsg
 .text.PostMessage_Proc
                0x080021ec      0x21c ./Core/Src/Process.o
                0x080021ec                PostMessage_Proc
 .text.RngOfPdAdcSamplingVal
                0x08002408      0x104 ./Core/Src/Process.o
                0x08002408                RngOfPdAdcSamplingVal
 .text.RngOfSiPmAdcSamplingVal
                0x0800250c       0x6c ./Core/Src/Process.o
                0x0800250c                RngOfSiPmAdcSamplingVal
 .text.ReadMeasuredVal
                0x08002578      0x204 ./Core/Src/Process.o
                0x08002578                ReadMeasuredVal
 .text.Operating_Process
                0x0800277c       0x38 ./Core/Src/Process.o
                0x0800277c                Operating_Process
 .text.Manual_GetAdcMsg
                0x080027b4      0x1c4 ./Core/Src/Process.o
                0x080027b4                Manual_GetAdcMsg
 .text.Built_In_Test_Proc
                0x08002978      0x540 ./Core/Src/Process.o
                0x08002978                Built_In_Test_Proc
 .text.SYSTEM_SEQ
                0x08002eb8       0xd4 ./Core/Src/Process.o
                0x08002eb8                SYSTEM_SEQ
 .text.SYSTEM_Process
                0x08002f8c       0x84 ./Core/Src/Process.o
                0x08002f8c                SYSTEM_Process
 .text.UART_RxInit
                0x08003010       0x20 ./Core/Src/Uart.o
                0x08003010                UART_RxInit
 .text.UART_TxInit
                0x08003030       0x4c ./Core/Src/Uart.o
                0x08003030                UART_TxInit
 .text.UART_CMD_CHK
                0x0800307c       0x78 ./Core/Src/Uart.o
                0x0800307c                UART_CMD_CHK
 .text.FindRcvMsgToPacket
                0x080030f4      0x168 ./Core/Src/Uart.o
                0x080030f4                FindRcvMsgToPacket
 .text.RcvMsgErrAssambly
                0x0800325c       0x40 ./Core/Src/Uart.o
                0x0800325c                RcvMsgErrAssambly
 .text.UART_MsgProc
                0x0800329c       0x4c ./Core/Src/Uart.o
                0x0800329c                UART_MsgProc
 .text.UART_Init
                0x080032e8       0x40 ./Core/Src/Uart.o
                0x080032e8                UART_Init
 .text.UART_StuffAssambly
                0x08003328       0xc0 ./Core/Src/Uart.o
                0x08003328                UART_StuffAssambly
 .text.UART_Chksum
                0x080033e8       0x1a ./Core/Src/Uart.o
                0x080033e8                UART_Chksum
 *fill*         0x08003402        0x2 
 .text.MX_ADC1_Init
                0x08003404      0x110 ./Core/Src/adc.o
                0x08003404                MX_ADC1_Init
 .text.HAL_ADC_MspInit
                0x08003514       0xb0 ./Core/Src/adc.o
                0x08003514                HAL_ADC_MspInit
 .text.MX_DMA_Init
                0x080035c4       0x50 ./Core/Src/dma.o
                0x080035c4                MX_DMA_Init
 .text.MX_GPIO_Init
                0x08003614       0xcc ./Core/Src/gpio.o
                0x08003614                MX_GPIO_Init
 .text.MX_I2C1_Init
                0x080036e0       0x58 ./Core/Src/i2c.o
                0x080036e0                MX_I2C1_Init
 .text.HAL_I2C_MspInit
                0x08003738       0x84 ./Core/Src/i2c.o
                0x08003738                HAL_I2C_MspInit
 .text.HAL_GPIO_EXTI_Callback
                0x080037bc       0x14 ./Core/Src/main.o
                0x080037bc                HAL_GPIO_EXTI_Callback
 .text.HAL_UARTEx_RxEventCallback
                0x080037d0       0x60 ./Core/Src/main.o
                0x080037d0                HAL_UARTEx_RxEventCallback
 .text.HAL_ADC_ConvCpltCallback
                0x08003830       0x48 ./Core/Src/main.o
                0x08003830                HAL_ADC_ConvCpltCallback
 .text.UART_Transmit_Proc
                0x08003878       0x30 ./Core/Src/main.o
                0x08003878                UART_Transmit_Proc
 .text.HAL_TIM_PeriodElapsedCallback
                0x080038a8       0x14 ./Core/Src/main.o
                0x080038a8                HAL_TIM_PeriodElapsedCallback
 .text.SystemClock_Config
                0x080038bc       0x6e ./Core/Src/main.o
                0x080038bc                SystemClock_Config
 *fill*         0x0800392a        0x2 
 .text.startup.main
                0x0800392c       0x88 ./Core/Src/main.o
                0x0800392c                main
 .text.Error_Handler
                0x080039b4        0x4 ./Core/Src/main.o
                0x080039b4                Error_Handler
 .text.HAL_MspInit
                0x080039b8       0x30 ./Core/Src/stm32l4xx_hal_msp.o
                0x080039b8                HAL_MspInit
 .text.NMI_Handler
                0x080039e8        0x2 ./Core/Src/stm32l4xx_it.o
                0x080039e8                NMI_Handler
 .text.HardFault_Handler
                0x080039ea        0x2 ./Core/Src/stm32l4xx_it.o
                0x080039ea                HardFault_Handler
 .text.MemManage_Handler
                0x080039ec        0x2 ./Core/Src/stm32l4xx_it.o
                0x080039ec                MemManage_Handler
 .text.BusFault_Handler
                0x080039ee        0x2 ./Core/Src/stm32l4xx_it.o
                0x080039ee                BusFault_Handler
 .text.UsageFault_Handler
                0x080039f0        0x2 ./Core/Src/stm32l4xx_it.o
                0x080039f0                UsageFault_Handler
 .text.SVC_Handler
                0x080039f2        0x2 ./Core/Src/stm32l4xx_it.o
                0x080039f2                SVC_Handler
 .text.DebugMon_Handler
                0x080039f4        0x2 ./Core/Src/stm32l4xx_it.o
                0x080039f4                DebugMon_Handler
 .text.PendSV_Handler
                0x080039f6        0x2 ./Core/Src/stm32l4xx_it.o
                0x080039f6                PendSV_Handler
 .text.SysTick_Handler
                0x080039f8        0x4 ./Core/Src/stm32l4xx_it.o
                0x080039f8                SysTick_Handler
 .text.DMA1_Channel1_IRQHandler
                0x080039fc        0xc ./Core/Src/stm32l4xx_it.o
                0x080039fc                DMA1_Channel1_IRQHandler
 .text.DMA1_Channel4_IRQHandler
                0x08003a08        0xc ./Core/Src/stm32l4xx_it.o
                0x08003a08                DMA1_Channel4_IRQHandler
 .text.DMA1_Channel5_IRQHandler
                0x08003a14        0xc ./Core/Src/stm32l4xx_it.o
                0x08003a14                DMA1_Channel5_IRQHandler
 .text.ADC1_2_IRQHandler
                0x08003a20        0xc ./Core/Src/stm32l4xx_it.o
                0x08003a20                ADC1_2_IRQHandler
 .text.EXTI9_5_IRQHandler
                0x08003a2c        0x8 ./Core/Src/stm32l4xx_it.o
                0x08003a2c                EXTI9_5_IRQHandler
 .text.TIM2_IRQHandler
                0x08003a34        0xc ./Core/Src/stm32l4xx_it.o
                0x08003a34                TIM2_IRQHandler
 .text.USART1_IRQHandler
                0x08003a40        0xc ./Core/Src/stm32l4xx_it.o
                0x08003a40                USART1_IRQHandler
 .text.SystemInit
                0x08003a4c       0x14 ./Core/Src/system_stm32l4xx.o
                0x08003a4c                SystemInit
 .text.MX_TIM2_Init
                0x08003a60       0x6c ./Core/Src/tim.o
                0x08003a60                MX_TIM2_Init
 .text.HAL_TIM_Base_MspInit
                0x08003acc       0x3c ./Core/Src/tim.o
                0x08003acc                HAL_TIM_Base_MspInit
 .text.MX_USART1_UART_Init
                0x08003b08       0x3c ./Core/Src/usart.o
                0x08003b08                MX_USART1_UART_Init
 .text.HAL_UART_MspInit
                0x08003b44       0xfc ./Core/Src/usart.o
                0x08003b44                HAL_UART_MspInit
 .text.Reset_Handler
                0x08003c40       0x50 ./Core/Startup/startup_stm32l412kbux.o
                0x08003c40                Reset_Handler
 .text.Default_Handler
                0x08003c90        0x2 ./Core/Startup/startup_stm32l412kbux.o
                0x08003c90                RTC_Alarm_IRQHandler
                0x08003c90                EXTI2_IRQHandler
                0x08003c90                TIM1_CC_IRQHandler
                0x08003c90                TSC_IRQHandler
                0x08003c90                TIM6_IRQHandler
                0x08003c90                TAMP_STAMP_IRQHandler
                0x08003c90                EXTI3_IRQHandler
                0x08003c90                LPTIM2_IRQHandler
                0x08003c90                I2C3_ER_IRQHandler
                0x08003c90                EXTI0_IRQHandler
                0x08003c90                I2C2_EV_IRQHandler
                0x08003c90                FPU_IRQHandler
                0x08003c90                TIM1_UP_TIM16_IRQHandler
                0x08003c90                SPI1_IRQHandler
                0x08003c90                DMA2_Channel2_IRQHandler
                0x08003c90                USART3_IRQHandler
                0x08003c90                DMA1_Channel7_IRQHandler
                0x08003c90                DMA2_Channel1_IRQHandler
                0x08003c90                QUADSPI_IRQHandler
                0x08003c90                I2C1_EV_IRQHandler
                0x08003c90                DMA1_Channel6_IRQHandler
                0x08003c90                DMA2_Channel4_IRQHandler
                0x08003c90                RCC_IRQHandler
                0x08003c90                TIM1_TRG_COM_IRQHandler
                0x08003c90                Default_Handler
                0x08003c90                DMA2_Channel7_IRQHandler
                0x08003c90                EXTI15_10_IRQHandler
                0x08003c90                I2C3_EV_IRQHandler
                0x08003c90                USB_IRQHandler
                0x08003c90                RTC_WKUP_IRQHandler
                0x08003c90                PVD_PVM_IRQHandler
                0x08003c90                SPI2_IRQHandler
                0x08003c90                DMA2_Channel5_IRQHandler
                0x08003c90                CRS_IRQHandler
                0x08003c90                EXTI4_IRQHandler
                0x08003c90                RNG_IRQHandler
                0x08003c90                DMA1_Channel3_IRQHandler
                0x08003c90                COMP_IRQHandler
                0x08003c90                WWDG_IRQHandler
                0x08003c90                LPUART1_IRQHandler
                0x08003c90                DMA2_Channel6_IRQHandler
                0x08003c90                EXTI1_IRQHandler
                0x08003c90                USART2_IRQHandler
                0x08003c90                I2C2_ER_IRQHandler
                0x08003c90                DMA1_Channel2_IRQHandler
                0x08003c90                FLASH_IRQHandler
                0x08003c90                I2C1_ER_IRQHandler
                0x08003c90                LPTIM1_IRQHandler
                0x08003c90                DMA2_Channel3_IRQHandler
                0x08003c90                TIM1_BRK_TIM15_IRQHandler
 *fill*         0x08003c92        0x2 
 .text.HAL_InitTick
                0x08003c94       0x4c ./Drivers/STM32L4xx_HAL_Driver/Src/stm32l4xx_hal.o
                0x08003c94                HAL_InitTick
 .text.HAL_Init
                0x08003ce0       0x1e ./Drivers/STM32L4xx_HAL_Driver/Src/stm32l4xx_hal.o
                0x08003ce0                HAL_Init
 *fill*         0x08003cfe        0x2 
 .text.HAL_IncTick
                0x08003d00       0x18 ./Drivers/STM32L4xx_HAL_Driver/Src/stm32l4xx_hal.o
                0x08003d00                HAL_IncTick
 .text.HAL_GetTick
                0x08003d18        0xc ./Drivers/STM32L4xx_HAL_Driver/Src/stm32l4xx_hal.o
                0x08003d18                HAL_GetTick
 .text.LL_ADC_SetChannelSamplingTime
                0x08003d24       0x20 ./Drivers/STM32L4xx_HAL_Driver/Src/stm32l4xx_hal_adc.o
 .text.LL_ADC_IsEnabled
                0x08003d44        0x8 ./Drivers/STM32L4xx_HAL_Driver/Src/stm32l4xx_hal_adc.o
 .text.LL_ADC_REG_IsConversionOngoing
                0x08003d4c        0x8 ./Drivers/STM32L4xx_HAL_Driver/Src/stm32l4xx_hal_adc.o
 .text.HAL_ADC_Init
                0x08003d54      0x1a8 ./Drivers/STM32L4xx_HAL_Driver/Src/stm32l4xx_hal_adc.o
                0x08003d54                HAL_ADC_Init
 .text.HAL_ADC_LevelOutOfWindowCallback
                0x08003efc        0x2 ./Drivers/STM32L4xx_HAL_Driver/Src/stm32l4xx_hal_adc.o
                0x08003efc                HAL_ADC_LevelOutOfWindowCallback
 .text.HAL_ADC_ErrorCallback
                0x08003efe        0x2 ./Drivers/STM32L4xx_HAL_Driver/Src/stm32l4xx_hal_adc.o
                0x08003efe                HAL_ADC_ErrorCallback
 .text.HAL_ADC_IRQHandler
                0x08003f00      0x244 ./Drivers/STM32L4xx_HAL_Driver/Src/stm32l4xx_hal_adc.o
                0x08003f00                HAL_ADC_IRQHandler
 .text.HAL_ADC_ConfigChannel
                0x08004144      0x384 ./Drivers/STM32L4xx_HAL_Driver/Src/stm32l4xx_hal_adc.o
                0x08004144                HAL_ADC_ConfigChannel
 .text.LL_ADC_IsEnabled
                0x080044c8        0x8 ./Drivers/STM32L4xx_HAL_Driver/Src/stm32l4xx_hal_adc_ex.o
 .text.LL_ADC_REG_IsConversionOngoing
                0x080044d0        0x8 ./Drivers/STM32L4xx_HAL_Driver/Src/stm32l4xx_hal_adc_ex.o
 .text.HAL_ADCEx_InjectedConvCpltCallback
                0x080044d8        0x2 ./Drivers/STM32L4xx_HAL_Driver/Src/stm32l4xx_hal_adc_ex.o
                0x080044d8                HAL_ADCEx_InjectedConvCpltCallback
 .text.HAL_ADCEx_InjectedQueueOverflowCallback
                0x080044da        0x2 ./Drivers/STM32L4xx_HAL_Driver/Src/stm32l4xx_hal_adc_ex.o
                0x080044da                HAL_ADCEx_InjectedQueueOverflowCallback
 .text.HAL_ADCEx_LevelOutOfWindow2Callback
                0x080044dc        0x2 ./Drivers/STM32L4xx_HAL_Driver/Src/stm32l4xx_hal_adc_ex.o
                0x080044dc                HAL_ADCEx_LevelOutOfWindow2Callback
 .text.HAL_ADCEx_LevelOutOfWindow3Callback
                0x080044de        0x2 ./Drivers/STM32L4xx_HAL_Driver/Src/stm32l4xx_hal_adc_ex.o
                0x080044de                HAL_ADCEx_LevelOutOfWindow3Callback
 .text.HAL_ADCEx_EndOfSamplingCallback
                0x080044e0        0x2 ./Drivers/STM32L4xx_HAL_Driver/Src/stm32l4xx_hal_adc_ex.o
                0x080044e0                HAL_ADCEx_EndOfSamplingCallback
 *fill*         0x080044e2        0x2 
 .text.HAL_ADCEx_MultiModeConfigChannel
                0x080044e4       0xd4 ./Drivers/STM32L4xx_HAL_Driver/Src/stm32l4xx_hal_adc_ex.o
                0x080044e4                HAL_ADCEx_MultiModeConfigChannel
 .text.HAL_NVIC_SetPriorityGrouping
                0x080045b8       0x24 ./Drivers/STM32L4xx_HAL_Driver/Src/stm32l4xx_hal_cortex.o
                0x080045b8                HAL_NVIC_SetPriorityGrouping
 .text.HAL_NVIC_SetPriority
                0x080045dc       0x64 ./Drivers/STM32L4xx_HAL_Driver/Src/stm32l4xx_hal_cortex.o
                0x080045dc                HAL_NVIC_SetPriority
 .text.HAL_NVIC_EnableIRQ
                0x08004640       0x1c ./Drivers/STM32L4xx_HAL_Driver/Src/stm32l4xx_hal_cortex.o
                0x08004640                HAL_NVIC_EnableIRQ
 .text.HAL_NVIC_DisableIRQ
                0x0800465c       0x24 ./Drivers/STM32L4xx_HAL_Driver/Src/stm32l4xx_hal_cortex.o
                0x0800465c                HAL_NVIC_DisableIRQ
 .text.HAL_SYSTICK_Config
                0x08004680       0x28 ./Drivers/STM32L4xx_HAL_Driver/Src/stm32l4xx_hal_cortex.o
                0x08004680                HAL_SYSTICK_Config
 .text.HAL_DMA_Init
                0x080046a8       0xcc ./Drivers/STM32L4xx_HAL_Driver/Src/stm32l4xx_hal_dma.o
                0x080046a8                HAL_DMA_Init
 .text.HAL_DMA_Start_IT
                0x08004774       0x7c ./Drivers/STM32L4xx_HAL_Driver/Src/stm32l4xx_hal_dma.o
                0x08004774                HAL_DMA_Start_IT
 .text.HAL_DMA_Abort
                0x080047f0       0x42 ./Drivers/STM32L4xx_HAL_Driver/Src/stm32l4xx_hal_dma.o
                0x080047f0                HAL_DMA_Abort
 .text.HAL_DMA_Abort_IT
                0x08004832       0x48 ./Drivers/STM32L4xx_HAL_Driver/Src/stm32l4xx_hal_dma.o
                0x08004832                HAL_DMA_Abort_IT
 .text.HAL_DMA_IRQHandler
                0x0800487a       0x94 ./Drivers/STM32L4xx_HAL_Driver/Src/stm32l4xx_hal_dma.o
                0x0800487a                HAL_DMA_IRQHandler
 .text.HAL_DMA_GetError
                0x0800490e        0x4 ./Drivers/STM32L4xx_HAL_Driver/Src/stm32l4xx_hal_dma.o
                0x0800490e                HAL_DMA_GetError
 *fill*         0x08004912        0x2 
 .text.HAL_GPIO_Init
                0x08004914      0x17c ./Drivers/STM32L4xx_HAL_Driver/Src/stm32l4xx_hal_gpio.o
                0x08004914                HAL_GPIO_Init
 .text.HAL_GPIO_WritePin
                0x08004a90        0xa ./Drivers/STM32L4xx_HAL_Driver/Src/stm32l4xx_hal_gpio.o
                0x08004a90                HAL_GPIO_WritePin
 *fill*         0x08004a9a        0x2 
 .text.HAL_GPIO_EXTI_IRQHandler
                0x08004a9c       0x18 ./Drivers/STM32L4xx_HAL_Driver/Src/stm32l4xx_hal_gpio.o
                0x08004a9c                HAL_GPIO_EXTI_IRQHandler
 .text.I2C_Flush_TXDR
                0x08004ab4       0x1c ./Drivers/STM32L4xx_HAL_Driver/Src/stm32l4xx_hal_i2c.o
 .text.I2C_TransferConfig
                0x08004ad0       0x2c ./Drivers/STM32L4xx_HAL_Driver/Src/stm32l4xx_hal_i2c.o
 .text.I2C_IsErrorOccurred
                0x08004afc      0x100 ./Drivers/STM32L4xx_HAL_Driver/Src/stm32l4xx_hal_i2c.o
 .text.I2C_WaitOnTXISFlagUntilTimeout
                0x08004bfc       0x56 ./Drivers/STM32L4xx_HAL_Driver/Src/stm32l4xx_hal_i2c.o
 .text.I2C_WaitOnFlagUntilTimeout
                0x08004c52       0x76 ./Drivers/STM32L4xx_HAL_Driver/Src/stm32l4xx_hal_i2c.o
 .text.I2C_WaitOnSTOPFlagUntilTimeout
                0x08004cc8       0x52 ./Drivers/STM32L4xx_HAL_Driver/Src/stm32l4xx_hal_i2c.o
 .text.HAL_I2C_Init
                0x08004d1a       0xaa ./Drivers/STM32L4xx_HAL_Driver/Src/stm32l4xx_hal_i2c.o
                0x08004d1a                HAL_I2C_Init
 .text.HAL_I2C_Mem_Write
                0x08004dc4      0x1b4 ./Drivers/STM32L4xx_HAL_Driver/Src/stm32l4xx_hal_i2c.o
                0x08004dc4                HAL_I2C_Mem_Write
 .text.HAL_I2C_Mem_Read
                0x08004f78      0x1bc ./Drivers/STM32L4xx_HAL_Driver/Src/stm32l4xx_hal_i2c.o
                0x08004f78                HAL_I2C_Mem_Read
 .text.HAL_I2C_IsDeviceReady
                0x08005134      0x102 ./Drivers/STM32L4xx_HAL_Driver/Src/stm32l4xx_hal_i2c.o
                0x08005134                HAL_I2C_IsDeviceReady
 .text.HAL_I2CEx_ConfigAnalogFilter
                0x08005236       0x4c ./Drivers/STM32L4xx_HAL_Driver/Src/stm32l4xx_hal_i2c_ex.o
                0x08005236                HAL_I2CEx_ConfigAnalogFilter
 .text.HAL_I2CEx_ConfigDigitalFilter
                0x08005282       0x4a ./Drivers/STM32L4xx_HAL_Driver/Src/stm32l4xx_hal_i2c_ex.o
                0x08005282                HAL_I2CEx_ConfigDigitalFilter
 .text.HAL_PWREx_GetVoltageRange
                0x080052cc       0x10 ./Drivers/STM32L4xx_HAL_Driver/Src/stm32l4xx_hal_pwr_ex.o
                0x080052cc                HAL_PWREx_GetVoltageRange
 .text.HAL_PWREx_ControlVoltageScaling
                0x080052dc       0x6c ./Drivers/STM32L4xx_HAL_Driver/Src/stm32l4xx_hal_pwr_ex.o
                0x080052dc                HAL_PWREx_ControlVoltageScaling
 .text.RCC_SetFlashLatencyFromMSIRange
                0x08005348       0x84 ./Drivers/STM32L4xx_HAL_Driver/Src/stm32l4xx_hal_rcc.o
 .text.HAL_RCC_GetSysClockFreq
                0x080053cc       0x94 ./Drivers/STM32L4xx_HAL_Driver/Src/stm32l4xx_hal_rcc.o
                0x080053cc                HAL_RCC_GetSysClockFreq
 .text.HAL_RCC_OscConfig
                0x08005460      0x5a8 ./Drivers/STM32L4xx_HAL_Driver/Src/stm32l4xx_hal_rcc.o
                0x08005460                HAL_RCC_OscConfig
 .text.HAL_RCC_ClockConfig
                0x08005a08      0x154 ./Drivers/STM32L4xx_HAL_Driver/Src/stm32l4xx_hal_rcc.o
                0x08005a08                HAL_RCC_ClockConfig
 .text.HAL_RCC_GetPCLK1Freq
                0x08005b5c       0x24 ./Drivers/STM32L4xx_HAL_Driver/Src/stm32l4xx_hal_rcc.o
                0x08005b5c                HAL_RCC_GetPCLK1Freq
 .text.HAL_RCC_GetPCLK2Freq
                0x08005b80       0x24 ./Drivers/STM32L4xx_HAL_Driver/Src/stm32l4xx_hal_rcc.o
                0x08005b80                HAL_RCC_GetPCLK2Freq
 .text.HAL_RCCEx_PeriphCLKConfig
                0x08005ba4      0x1e8 ./Drivers/STM32L4xx_HAL_Driver/Src/stm32l4xx_hal_rcc_ex.o
                0x08005ba4                HAL_RCCEx_PeriphCLKConfig
 .text.HAL_TIM_Base_Start_IT
                0x08005d8c       0x54 ./Drivers/STM32L4xx_HAL_Driver/Src/stm32l4xx_hal_tim.o
                0x08005d8c                HAL_TIM_Base_Start_IT
 .text.HAL_TIM_OC_DelayElapsedCallback
                0x08005de0        0x2 ./Drivers/STM32L4xx_HAL_Driver/Src/stm32l4xx_hal_tim.o
                0x08005de0                HAL_TIM_OC_DelayElapsedCallback
 .text.HAL_TIM_IC_CaptureCallback
                0x08005de2        0x2 ./Drivers/STM32L4xx_HAL_Driver/Src/stm32l4xx_hal_tim.o
                0x08005de2                HAL_TIM_IC_CaptureCallback
 .text.HAL_TIM_PWM_PulseFinishedCallback
                0x08005de4        0x2 ./Drivers/STM32L4xx_HAL_Driver/Src/stm32l4xx_hal_tim.o
                0x08005de4                HAL_TIM_PWM_PulseFinishedCallback
 .text.HAL_TIM_TriggerCallback
                0x08005de6        0x2 ./Drivers/STM32L4xx_HAL_Driver/Src/stm32l4xx_hal_tim.o
                0x08005de6                HAL_TIM_TriggerCallback
 .text.HAL_TIM_IRQHandler
                0x08005de8      0x140 ./Drivers/STM32L4xx_HAL_Driver/Src/stm32l4xx_hal_tim.o
                0x08005de8                HAL_TIM_IRQHandler
 .text.TIM_Base_SetConfig
                0x08005f28       0x78 ./Drivers/STM32L4xx_HAL_Driver/Src/stm32l4xx_hal_tim.o
                0x08005f28                TIM_Base_SetConfig
 .text.HAL_TIM_Base_Init
                0x08005fa0       0x60 ./Drivers/STM32L4xx_HAL_Driver/Src/stm32l4xx_hal_tim.o
                0x08005fa0                HAL_TIM_Base_Init
 .text.TIM_ETR_SetConfig
                0x08006000       0x14 ./Drivers/STM32L4xx_HAL_Driver/Src/stm32l4xx_hal_tim.o
                0x08006000                TIM_ETR_SetConfig
 .text.HAL_TIM_ConfigClockSource
                0x08006014      0x134 ./Drivers/STM32L4xx_HAL_Driver/Src/stm32l4xx_hal_tim.o
                0x08006014                HAL_TIM_ConfigClockSource
 .text.HAL_TIMEx_MasterConfigSynchronization
                0x08006148       0x64 ./Drivers/STM32L4xx_HAL_Driver/Src/stm32l4xx_hal_tim_ex.o
                0x08006148                HAL_TIMEx_MasterConfigSynchronization
 .text.HAL_TIMEx_CommutCallback
                0x080061ac        0x2 ./Drivers/STM32L4xx_HAL_Driver/Src/stm32l4xx_hal_tim_ex.o
                0x080061ac                HAL_TIMEx_CommutCallback
 .text.HAL_TIMEx_BreakCallback
                0x080061ae        0x2 ./Drivers/STM32L4xx_HAL_Driver/Src/stm32l4xx_hal_tim_ex.o
                0x080061ae                HAL_TIMEx_BreakCallback
 .text.HAL_TIMEx_Break2Callback
                0x080061b0        0x2 ./Drivers/STM32L4xx_HAL_Driver/Src/stm32l4xx_hal_tim_ex.o
                0x080061b0                HAL_TIMEx_Break2Callback
 .text.UART_EndRxTransfer
                0x080061b2       0x50 ./Drivers/STM32L4xx_HAL_Driver/Src/stm32l4xx_hal_uart.o
 .text.HAL_UART_DMAStop
                0x08006202       0xa6 ./Drivers/STM32L4xx_HAL_Driver/Src/stm32l4xx_hal_uart.o
                0x08006202                HAL_UART_DMAStop
 .text.HAL_UART_TxCpltCallback
                0x080062a8        0x2 ./Drivers/STM32L4xx_HAL_Driver/Src/stm32l4xx_hal_uart.o
                0x080062a8                HAL_UART_TxCpltCallback
 .text.HAL_UART_RxCpltCallback
                0x080062aa        0x2 ./Drivers/STM32L4xx_HAL_Driver/Src/stm32l4xx_hal_uart.o
                0x080062aa                HAL_UART_RxCpltCallback
 .text.HAL_UART_RxHalfCpltCallback
                0x080062ac        0x2 ./Drivers/STM32L4xx_HAL_Driver/Src/stm32l4xx_hal_uart.o
                0x080062ac                HAL_UART_RxHalfCpltCallback
 .text.HAL_UART_ErrorCallback
                0x080062ae        0x2 ./Drivers/STM32L4xx_HAL_Driver/Src/stm32l4xx_hal_uart.o
                0x080062ae                HAL_UART_ErrorCallback
 .text.UART_DMAError
                0x080062b0       0x56 ./Drivers/STM32L4xx_HAL_Driver/Src/stm32l4xx_hal_uart.o
 .text.UART_DMAAbortOnError
                0x08006306       0x14 ./Drivers/STM32L4xx_HAL_Driver/Src/stm32l4xx_hal_uart.o
 *fill*         0x0800631a        0x2 
 .text.HAL_UART_IRQHandler
                0x0800631c      0x2a8 ./Drivers/STM32L4xx_HAL_Driver/Src/stm32l4xx_hal_uart.o
                0x0800631c                HAL_UART_IRQHandler
 .text.UART_DMARxHalfCplt
                0x080065c4       0x20 ./Drivers/STM32L4xx_HAL_Driver/Src/stm32l4xx_hal_uart.o
 .text.UART_DMAReceiveCplt
                0x080065e4       0x8e ./Drivers/STM32L4xx_HAL_Driver/Src/stm32l4xx_hal_uart.o
 *fill*         0x08006672        0x2 
 .text.UART_SetConfig
                0x08006674      0x1cc ./Drivers/STM32L4xx_HAL_Driver/Src/stm32l4xx_hal_uart.o
                0x08006674                UART_SetConfig
 .text.UART_AdvFeatureConfig
                0x08006840       0xa8 ./Drivers/STM32L4xx_HAL_Driver/Src/stm32l4xx_hal_uart.o
                0x08006840                UART_AdvFeatureConfig
 .text.UART_WaitOnFlagUntilTimeout
                0x080068e8       0x90 ./Drivers/STM32L4xx_HAL_Driver/Src/stm32l4xx_hal_uart.o
                0x080068e8                UART_WaitOnFlagUntilTimeout
 .text.HAL_UART_Transmit
                0x08006978       0xa2 ./Drivers/STM32L4xx_HAL_Driver/Src/stm32l4xx_hal_uart.o
                0x08006978                HAL_UART_Transmit
 .text.UART_CheckIdleState
                0x08006a1a       0xb2 ./Drivers/STM32L4xx_HAL_Driver/Src/stm32l4xx_hal_uart.o
                0x08006a1a                UART_CheckIdleState
 .text.HAL_UART_Init
                0x08006acc       0x5c ./Drivers/STM32L4xx_HAL_Driver/Src/stm32l4xx_hal_uart.o
                0x08006acc                HAL_UART_Init
 .text.UART_Start_Receive_DMA
                0x08006b28       0x9c ./Drivers/STM32L4xx_HAL_Driver/Src/stm32l4xx_hal_uart.o
                0x08006b28                UART_Start_Receive_DMA
 .text.HAL_UARTEx_WakeupCallback
                0x08006bc4        0x2 ./Drivers/STM32L4xx_HAL_Driver/Src/stm32l4xx_hal_uart_ex.o
                0x08006bc4                HAL_UARTEx_WakeupCallback
 .text.HAL_UARTEx_ReceiveToIdle_DMA
                0x08006bc6       0x4a ./Drivers/STM32L4xx_HAL_Driver/Src/stm32l4xx_hal_uart_ex.o
                0x08006bc6                HAL_UARTEx_ReceiveToIdle_DMA
 .text.memset   0x08006c10       0x10 C:/ST/STM32CubeIDE_1.19.0/STM32CubeIDE/plugins/com.st.stm32cube.ide.mcu.externaltools.gnu-tools-for-stm32.13.3.rel1.win32_1.0.0.202411081344/tools/bin/../lib/gcc/arm-none-eabi/13.3.1/../../../../arm-none-eabi/lib/thumb/v7e-m+fp/hard\libc_nano.a(libc_a-memset.o)
                0x08006c10                memset
 .text.__libc_init_array
                0x08006c20       0x48 C:/ST/STM32CubeIDE_1.19.0/STM32CubeIDE/plugins/com.st.stm32cube.ide.mcu.externaltools.gnu-tools-for-stm32.13.3.rel1.win32_1.0.0.202411081344/tools/bin/../lib/gcc/arm-none-eabi/13.3.1/../../../../arm-none-eabi/lib/thumb/v7e-m+fp/hard\libc_nano.a(libc_a-init.o)
                0x08006c20                __libc_init_array
 .text.memcpy   0x08006c68       0x1c C:/ST/STM32CubeIDE_1.19.0/STM32CubeIDE/plugins/com.st.stm32cube.ide.mcu.externaltools.gnu-tools-for-stm32.13.3.rel1.win32_1.0.0.202411081344/tools/bin/../lib/gcc/arm-none-eabi/13.3.1/../../../../arm-none-eabi/lib/thumb/v7e-m+fp/hard\libc_nano.a(libc_a-memcpy-stub.o)
                0x08006c68                memcpy
 *(.glue_7)
 .glue_7        0x08006c84        0x0 linker stubs
 *(.glue_7t)
 .glue_7t       0x08006c84        0x0 linker stubs
 *(.eh_frame)
 .eh_frame      0x08006c84        0x0 C:/ST/STM32CubeIDE_1.19.0/STM32CubeIDE/plugins/com.st.stm32cube.ide.mcu.externaltools.gnu-tools-for-stm32.13.3.rel1.win32_1.0.0.202411081344/tools/bin/../lib/gcc/arm-none-eabi/13.3.1/thumb/v7e-m+fp/hard/crtbegin.o
 *(.init)
 .init          0x08006c84        0x4 C:/ST/STM32CubeIDE_1.19.0/STM32CubeIDE/plugins/com.st.stm32cube.ide.mcu.externaltools.gnu-tools-for-stm32.13.3.rel1.win32_1.0.0.202411081344/tools/bin/../lib/gcc/arm-none-eabi/13.3.1/thumb/v7e-m+fp/hard/crti.o
                0x08006c84                _init
 .init          0x08006c88        0x8 C:/ST/STM32CubeIDE_1.19.0/STM32CubeIDE/plugins/com.st.stm32cube.ide.mcu.externaltools.gnu-tools-for-stm32.13.3.rel1.win32_1.0.0.202411081344/tools/bin/../lib/gcc/arm-none-eabi/13.3.1/thumb/v7e-m+fp/hard/crtn.o
 *(.fini)
 .fini          0x08006c90        0x4 C:/ST/STM32CubeIDE_1.19.0/STM32CubeIDE/plugins/com.st.stm32cube.ide.mcu.externaltools.gnu-tools-for-stm32.13.3.rel1.win32_1.0.0.202411081344/tools/bin/../lib/gcc/arm-none-eabi/13.3.1/thumb/v7e-m+fp/hard/crti.o
                0x08006c90                _fini
 .fini          0x08006c94        0x8 C:/ST/STM32CubeIDE_1.19.0/STM32CubeIDE/plugins/com.st.stm32cube.ide.mcu.externaltools.gnu-tools-for-stm32.13.3.rel1.win32_1.0.0.202411081344/tools/bin/../lib/gcc/arm-none-eabi/13.3.1/thumb/v7e-m+fp/hard/crtn.o
                0x08006c9c                        . = ALIGN (0x4)
                0x08006c9c                        _etext = .

.vfp11_veneer   0x08006c9c        0x0
 .vfp11_veneer  0x08006c9c        0x0 linker stubs

.v4_bx          0x08006c9c        0x0
 .v4_bx         0x08006c9c        0x0 linker stubs

.iplt           0x08006c9c        0x0
 .iplt          0x08006c9c        0x0 C:/ST/STM32CubeIDE_1.19.0/STM32CubeIDE/plugins/com.st.stm32cube.ide.mcu.externaltools.gnu-tools-for-stm32.13.3.rel1.win32_1.0.0.202411081344/tools/bin/../lib/gcc/arm-none-eabi/13.3.1/thumb/v7e-m+fp/hard/crtbegin.o

.rodata         0x08006c9c       0x50
                0x08006c9c                        . = ALIGN (0x4)
 *(.rodata)
 *(.rodata*)
 .rodata.MSIRangeTable
                0x08006c9c       0x30 ./Core/Src/system_stm32l4xx.o
                0x08006c9c                MSIRangeTable
 .rodata.APBPrescTable
                0x08006ccc        0x8 ./Core/Src/system_stm32l4xx.o
                0x08006ccc                APBPrescTable
 .rodata.AHBPrescTable
                0x08006cd4       0x10 ./Core/Src/system_stm32l4xx.o
                0x08006cd4                AHBPrescTable
 .rodata.CSWTCH.108
                0x08006ce4        0x8 ./Drivers/STM32L4xx_HAL_Driver/Src/stm32l4xx_hal_adc.o
                0x08006cec                        . = ALIGN (0x4)

.ARM.extab      0x08006cec        0x0
                0x08006cec                        . = ALIGN (0x4)
 *(.ARM.extab* .gnu.linkonce.armextab.*)
                0x08006cec                        . = ALIGN (0x4)

.ARM            0x08006cec        0x8
                0x08006cec                        . = ALIGN (0x4)
                0x08006cec                        __exidx_start = .
 *(.ARM.exidx*)
 .ARM.exidx     0x08006cec        0x8 C:/ST/STM32CubeIDE_1.19.0/STM32CubeIDE/plugins/com.st.stm32cube.ide.mcu.externaltools.gnu-tools-for-stm32.13.3.rel1.win32_1.0.0.202411081344/tools/bin/../lib/gcc/arm-none-eabi/13.3.1/thumb/v7e-m+fp/hard\libgcc.a(_udivmoddi4.o)
                0x08006cf4                        __exidx_end = .
                0x08006cf4                        . = ALIGN (0x4)

.preinit_array  0x08006cf4        0x0
                0x08006cf4                        . = ALIGN (0x4)
                0x08006cf4                        PROVIDE (__preinit_array_start = .)
 *(.preinit_array*)
                0x08006cf4                        PROVIDE (__preinit_array_end = .)
                0x08006cf4                        . = ALIGN (0x4)

.init_array     0x08006cf4        0x4
                0x08006cf4                        . = ALIGN (0x4)
                0x08006cf4                        PROVIDE (__init_array_start = .)
 *(SORT_BY_NAME(.init_array.*))
 *(.init_array*)
 .init_array    0x08006cf4        0x4 C:/ST/STM32CubeIDE_1.19.0/STM32CubeIDE/plugins/com.st.stm32cube.ide.mcu.externaltools.gnu-tools-for-stm32.13.3.rel1.win32_1.0.0.202411081344/tools/bin/../lib/gcc/arm-none-eabi/13.3.1/thumb/v7e-m+fp/hard/crtbegin.o
                0x08006cf8                        PROVIDE (__init_array_end = .)
                0x08006cf8                        . = ALIGN (0x4)

.fini_array     0x08006cf8        0x4
                0x08006cf8                        . = ALIGN (0x4)
                [!provide]                        PROVIDE (__fini_array_start = .)
 *(SORT_BY_NAME(.fini_array.*))
 *(.fini_array*)
 .fini_array    0x08006cf8        0x4 C:/ST/STM32CubeIDE_1.19.0/STM32CubeIDE/plugins/com.st.stm32cube.ide.mcu.externaltools.gnu-tools-for-stm32.13.3.rel1.win32_1.0.0.202411081344/tools/bin/../lib/gcc/arm-none-eabi/13.3.1/thumb/v7e-m+fp/hard/crtbegin.o
                [!provide]                        PROVIDE (__fini_array_end = .)
                0x08006cfc                        . = ALIGN (0x4)
                0x08006cfc                        _sidata = LOADADDR (.data)

.rel.dyn        0x08006cfc        0x0
 .rel.iplt      0x08006cfc        0x0 C:/ST/STM32CubeIDE_1.19.0/STM32CubeIDE/plugins/com.st.stm32cube.ide.mcu.externaltools.gnu-tools-for-stm32.13.3.rel1.win32_1.0.0.202411081344/tools/bin/../lib/gcc/arm-none-eabi/13.3.1/thumb/v7e-m+fp/hard/crtbegin.o

.data           0x20000000        0xc load address 0x08006cfc
                0x20000000                        . = ALIGN (0x4)
                0x20000000                        _sdata = .
 *(.data)
 *(.data*)
 .data.SystemCoreClock
                0x20000000        0x4 ./Core/Src/system_stm32l4xx.o
                0x20000000                SystemCoreClock
 .data.uwTickFreq
                0x20000004        0x1 ./Drivers/STM32L4xx_HAL_Driver/Src/stm32l4xx_hal.o
                0x20000004                uwTickFreq
 *fill*         0x20000005        0x3 
 .data.uwTickPrio
                0x20000008        0x4 ./Drivers/STM32L4xx_HAL_Driver/Src/stm32l4xx_hal.o
                0x20000008                uwTickPrio
 *(.RamFunc)
 *(.RamFunc*)
                0x2000000c                        . = ALIGN (0x4)
                0x2000000c                        _edata = .

.igot.plt       0x2000000c        0x0 load address 0x08006d08
 .igot.plt      0x2000000c        0x0 C:/ST/STM32CubeIDE_1.19.0/STM32CubeIDE/plugins/com.st.stm32cube.ide.mcu.externaltools.gnu-tools-for-stm32.13.3.rel1.win32_1.0.0.202411081344/tools/bin/../lib/gcc/arm-none-eabi/13.3.1/thumb/v7e-m+fp/hard/crtbegin.o
                0x2000000c                        . = ALIGN (0x4)

.bss            0x2000000c      0x8f4 load address 0x08006d08
                0x2000000c                        _sbss = .
                0x2000000c                        __bss_start__ = _sbss
 *(.bss)
 .bss           0x2000000c       0x1c C:/ST/STM32CubeIDE_1.19.0/STM32CubeIDE/plugins/com.st.stm32cube.ide.mcu.externaltools.gnu-tools-for-stm32.13.3.rel1.win32_1.0.0.202411081344/tools/bin/../lib/gcc/arm-none-eabi/13.3.1/thumb/v7e-m+fp/hard/crtbegin.o
 *(.bss*)
 .bss.I2C_HI2C  0x20000028        0x8 ./Core/Src/24LC16B.o
                0x20000028                I2C_HI2C
 .bss.tConfig   0x20000030       0x44 ./Core/Src/Config.o
                0x20000030                tConfig
 .bss.tSiPmCtrl
                0x20000074       0x10 ./Core/Src/Ext_IO.o
                0x20000074                tSiPmCtrl
 .bss.tHvCtrl   0x20000084       0x10 ./Core/Src/Ext_IO.o
                0x20000084                tHvCtrl
 .bss.tLdCtrl   0x20000094       0x10 ./Core/Src/Ext_IO.o
                0x20000094                tLdCtrl
 .bss.tPdCtrl   0x200000a4       0x10 ./Core/Src/Ext_IO.o
                0x200000a4                tPdCtrl
 .bss.tFan      0x200000b4       0x18 ./Core/Src/Fan.o
                0x200000b4                tFan
 .bss.tParam    0x200000cc       0xf0 ./Core/Src/Parameter.o
                0x200000cc                tParam
 .bss.m_FlagAdcSendOn
                0x200001bc        0x1 ./Core/Src/Process.o
                0x200001bc                m_FlagAdcSendOn
 .bss.m_FlagDectPeckOn2
                0x200001bd        0x1 ./Core/Src/Process.o
                0x200001bd                m_FlagDectPeckOn2
 .bss.m_FlagDectPeckOn
                0x200001be        0x1 ./Core/Src/Process.o
                0x200001be                m_FlagDectPeckOn
 *fill*         0x200001bf        0x1 
 .bss.m_PeckSiPMAdVal
                0x200001c0        0x2 ./Core/Src/Process.o
                0x200001c0                m_PeckSiPMAdVal
 .bss.m_PeckPDAdVal
                0x200001c2        0x2 ./Core/Src/Process.o
                0x200001c2                m_PeckPDAdVal
 .bss.m_MaxPeckAdVal2
                0x200001c4        0x2 ./Core/Src/Process.o
                0x200001c4                m_MaxPeckAdVal2
 .bss.m_MaxPeckAdVal
                0x200001c6        0x2 ./Core/Src/Process.o
                0x200001c6                m_MaxPeckAdVal
 .bss.m_SysProcSeq
                0x200001c8        0x1 ./Core/Src/Process.o
                0x200001c8                m_SysProcSeq
 .bss.m_BITProcSeq
                0x200001c9        0x1 ./Core/Src/Process.o
                0x200001c9                m_BITProcSeq
 *fill*         0x200001ca        0x2 
 .bss.tSysTime  0x200001cc       0x28 ./Core/Src/Process.o
                0x200001cc                tSysTime
 .bss.tSysState
                0x200001f4       0x20 ./Core/Src/Process.o
                0x200001f4                tSysState
 .bss.tPmResult2
                0x20000214       0x10 ./Core/Src/Process.o
                0x20000214                tPmResult2
 .bss.tPmResult1
                0x20000224       0xc0 ./Core/Src/Process.o
                0x20000224                tPmResult1
 .bss.tMsgPkt   0x200002e4      0x10b ./Core/Src/Uart.o
                0x200002e4                tMsgPkt
 .bss.tUartMsg  0x200003ef      0x289 ./Core/Src/Uart.o
                0x200003ef                tUartMsg
 .bss.hdma_adc1
                0x20000678       0x48 ./Core/Src/adc.o
                0x20000678                hdma_adc1
 .bss.hadc1     0x200006c0       0x64 ./Core/Src/adc.o
                0x200006c0                hadc1
 .bss.hi2c1     0x20000724       0x54 ./Core/Src/i2c.o
                0x20000724                hi2c1
 .bss.Adc_Temp  0x20000778       0x20 ./Core/Src/main.o
                0x20000778                Adc_Temp
 .bss.htim2     0x20000798       0x4c ./Core/Src/tim.o
                0x20000798                htim2
 .bss.hdma_usart1_tx
                0x200007e4       0x48 ./Core/Src/usart.o
                0x200007e4                hdma_usart1_tx
 .bss.hdma_usart1_rx
                0x2000082c       0x48 ./Core/Src/usart.o
                0x2000082c                hdma_usart1_rx
 .bss.huart1    0x20000874       0x88 ./Core/Src/usart.o
                0x20000874                huart1
 .bss.uwTick    0x200008fc        0x4 ./Drivers/STM32L4xx_HAL_Driver/Src/stm32l4xx_hal.o
                0x200008fc                uwTick
 *(COMMON)
                0x20000900                        . = ALIGN (0x4)
                0x20000900                        _ebss = .
                0x20000900                        __bss_end__ = _ebss

._user_heap_stack
                0x20000900      0x600 load address 0x08006d08
                0x20000900                        . = ALIGN (0x8)
                [!provide]                        PROVIDE (end = .)
                0x20000900                        PROVIDE (_end = .)
                0x20000b00                        . = (. + _Min_Heap_Size)
 *fill*         0x20000900      0x200 
                0x20000f00                        . = (. + _Min_Stack_Size)
 *fill*         0x20000b00      0x400 
                0x20000f00                        . = ALIGN (0x8)

/DISCARD/
 libc.a(*)
 libm.a(*)
 libgcc.a(*)

.ARM.attributes
                0x00000000       0x30
 *(.ARM.attributes)
 .ARM.attributes
                0x00000000       0x22 C:/ST/STM32CubeIDE_1.19.0/STM32CubeIDE/plugins/com.st.stm32cube.ide.mcu.externaltools.gnu-tools-for-stm32.13.3.rel1.win32_1.0.0.202411081344/tools/bin/../lib/gcc/arm-none-eabi/13.3.1/thumb/v7e-m+fp/hard/crti.o
 .ARM.attributes
                0x00000022       0x34 C:/ST/STM32CubeIDE_1.19.0/STM32CubeIDE/plugins/com.st.stm32cube.ide.mcu.externaltools.gnu-tools-for-stm32.13.3.rel1.win32_1.0.0.202411081344/tools/bin/../lib/gcc/arm-none-eabi/13.3.1/thumb/v7e-m+fp/hard/crtbegin.o
 .ARM.attributes
                0x00000056       0x34 ./Core/Src/24LC16B.o
 .ARM.attributes
                0x0000008a       0x34 ./Core/Src/Config.o
 .ARM.attributes
                0x000000be       0x34 ./Core/Src/Ext_IO.o
 .ARM.attributes
                0x000000f2       0x34 ./Core/Src/Fan.o
 .ARM.attributes
                0x00000126       0x34 ./Core/Src/Mesaure.o
 .ARM.attributes
                0x0000015a       0x34 ./Core/Src/Parameter.o
 .ARM.attributes
                0x0000018e       0x34 ./Core/Src/Process.o
 .ARM.attributes
                0x000001c2       0x34 ./Core/Src/Uart.o
 .ARM.attributes
                0x000001f6       0x34 ./Core/Src/adc.o
 .ARM.attributes
                0x0000022a       0x34 ./Core/Src/dma.o
 .ARM.attributes
                0x0000025e       0x34 ./Core/Src/gpio.o
 .ARM.attributes
                0x00000292       0x34 ./Core/Src/i2c.o
 .ARM.attributes
                0x000002c6       0x34 ./Core/Src/main.o
 .ARM.attributes
                0x000002fa       0x34 ./Core/Src/stm32l4xx_hal_msp.o
 .ARM.attributes
                0x0000032e       0x34 ./Core/Src/stm32l4xx_it.o
 .ARM.attributes
                0x00000362       0x34 ./Core/Src/system_stm32l4xx.o
 .ARM.attributes
                0x00000396       0x34 ./Core/Src/tim.o
 .ARM.attributes
                0x000003ca       0x34 ./Core/Src/usart.o
 .ARM.attributes
                0x000003fe       0x21 ./Core/Startup/startup_stm32l412kbux.o
 .ARM.attributes
                0x0000041f       0x34 ./Drivers/STM32L4xx_HAL_Driver/Src/stm32l4xx_hal.o
 .ARM.attributes
                0x00000453       0x34 ./Drivers/STM32L4xx_HAL_Driver/Src/stm32l4xx_hal_adc.o
 .ARM.attributes
                0x00000487       0x34 ./Drivers/STM32L4xx_HAL_Driver/Src/stm32l4xx_hal_adc_ex.o
 .ARM.attributes
                0x000004bb       0x34 ./Drivers/STM32L4xx_HAL_Driver/Src/stm32l4xx_hal_cortex.o
 .ARM.attributes
                0x000004ef       0x34 ./Drivers/STM32L4xx_HAL_Driver/Src/stm32l4xx_hal_dma.o
 .ARM.attributes
                0x00000523       0x34 ./Drivers/STM32L4xx_HAL_Driver/Src/stm32l4xx_hal_gpio.o
 .ARM.attributes
                0x00000557       0x34 ./Drivers/STM32L4xx_HAL_Driver/Src/stm32l4xx_hal_i2c.o
 .ARM.attributes
                0x0000058b       0x34 ./Drivers/STM32L4xx_HAL_Driver/Src/stm32l4xx_hal_i2c_ex.o
 .ARM.attributes
                0x000005bf       0x34 ./Drivers/STM32L4xx_HAL_Driver/Src/stm32l4xx_hal_pwr_ex.o
 .ARM.attributes
                0x000005f3       0x34 ./Drivers/STM32L4xx_HAL_Driver/Src/stm32l4xx_hal_rcc.o
 .ARM.attributes
                0x00000627       0x34 ./Drivers/STM32L4xx_HAL_Driver/Src/stm32l4xx_hal_rcc_ex.o
 .ARM.attributes
                0x0000065b       0x34 ./Drivers/STM32L4xx_HAL_Driver/Src/stm32l4xx_hal_tim.o
 .ARM.attributes
                0x0000068f       0x34 ./Drivers/STM32L4xx_HAL_Driver/Src/stm32l4xx_hal_tim_ex.o
 .ARM.attributes
                0x000006c3       0x34 ./Drivers/STM32L4xx_HAL_Driver/Src/stm32l4xx_hal_uart.o
 .ARM.attributes
                0x000006f7       0x34 ./Drivers/STM32L4xx_HAL_Driver/Src/stm32l4xx_hal_uart_ex.o
 .ARM.attributes
                0x0000072b       0x34 C:/ST/STM32CubeIDE_1.19.0/STM32CubeIDE/plugins/com.st.stm32cube.ide.mcu.externaltools.gnu-tools-for-stm32.13.3.rel1.win32_1.0.0.202411081344/tools/bin/../lib/gcc/arm-none-eabi/13.3.1/../../../../arm-none-eabi/lib/thumb/v7e-m+fp/hard\libc_nano.a(libc_a-memset.o)
 .ARM.attributes
                0x0000075f       0x34 C:/ST/STM32CubeIDE_1.19.0/STM32CubeIDE/plugins/com.st.stm32cube.ide.mcu.externaltools.gnu-tools-for-stm32.13.3.rel1.win32_1.0.0.202411081344/tools/bin/../lib/gcc/arm-none-eabi/13.3.1/../../../../arm-none-eabi/lib/thumb/v7e-m+fp/hard\libc_nano.a(libc_a-init.o)
 .ARM.attributes
                0x00000793       0x34 C:/ST/STM32CubeIDE_1.19.0/STM32CubeIDE/plugins/com.st.stm32cube.ide.mcu.externaltools.gnu-tools-for-stm32.13.3.rel1.win32_1.0.0.202411081344/tools/bin/../lib/gcc/arm-none-eabi/13.3.1/../../../../arm-none-eabi/lib/thumb/v7e-m+fp/hard\libc_nano.a(libc_a-memcpy-stub.o)
 .ARM.attributes
                0x000007c7       0x22 C:/ST/STM32CubeIDE_1.19.0/STM32CubeIDE/plugins/com.st.stm32cube.ide.mcu.externaltools.gnu-tools-for-stm32.13.3.rel1.win32_1.0.0.202411081344/tools/bin/../lib/gcc/arm-none-eabi/13.3.1/thumb/v7e-m+fp/hard\libgcc.a(_arm_addsubdf3.o)
 .ARM.attributes
                0x000007e9       0x22 C:/ST/STM32CubeIDE_1.19.0/STM32CubeIDE/plugins/com.st.stm32cube.ide.mcu.externaltools.gnu-tools-for-stm32.13.3.rel1.win32_1.0.0.202411081344/tools/bin/../lib/gcc/arm-none-eabi/13.3.1/thumb/v7e-m+fp/hard\libgcc.a(_arm_muldivdf3.o)
 .ARM.attributes
                0x0000080b       0x22 C:/ST/STM32CubeIDE_1.19.0/STM32CubeIDE/plugins/com.st.stm32cube.ide.mcu.externaltools.gnu-tools-for-stm32.13.3.rel1.win32_1.0.0.202411081344/tools/bin/../lib/gcc/arm-none-eabi/13.3.1/thumb/v7e-m+fp/hard\libgcc.a(_arm_truncdfsf2.o)
 .ARM.attributes
                0x0000082d       0x22 C:/ST/STM32CubeIDE_1.19.0/STM32CubeIDE/plugins/com.st.stm32cube.ide.mcu.externaltools.gnu-tools-for-stm32.13.3.rel1.win32_1.0.0.202411081344/tools/bin/../lib/gcc/arm-none-eabi/13.3.1/thumb/v7e-m+fp/hard\libgcc.a(_aeabi_uldivmod.o)
 .ARM.attributes
                0x0000084f       0x34 C:/ST/STM32CubeIDE_1.19.0/STM32CubeIDE/plugins/com.st.stm32cube.ide.mcu.externaltools.gnu-tools-for-stm32.13.3.rel1.win32_1.0.0.202411081344/tools/bin/../lib/gcc/arm-none-eabi/13.3.1/thumb/v7e-m+fp/hard\libgcc.a(_udivmoddi4.o)
 .ARM.attributes
                0x00000883       0x22 C:/ST/STM32CubeIDE_1.19.0/STM32CubeIDE/plugins/com.st.stm32cube.ide.mcu.externaltools.gnu-tools-for-stm32.13.3.rel1.win32_1.0.0.202411081344/tools/bin/../lib/gcc/arm-none-eabi/13.3.1/thumb/v7e-m+fp/hard\libgcc.a(_dvmd_tls.o)
 .ARM.attributes
                0x000008a5       0x22 C:/ST/STM32CubeIDE_1.19.0/STM32CubeIDE/plugins/com.st.stm32cube.ide.mcu.externaltools.gnu-tools-for-stm32.13.3.rel1.win32_1.0.0.202411081344/tools/bin/../lib/gcc/arm-none-eabi/13.3.1/thumb/v7e-m+fp/hard/crtn.o
OUTPUT(HSE_Sensor_V09.elf elf32-littlearm)
LOAD linker stubs
LOAD C:/ST/STM32CubeIDE_1.19.0/STM32CubeIDE/plugins/com.st.stm32cube.ide.mcu.externaltools.gnu-tools-for-stm32.13.3.rel1.win32_1.0.0.202411081344/tools/bin/../lib/gcc/arm-none-eabi/13.3.1/../../../../arm-none-eabi/lib/thumb/v7e-m+fp/hard\libc.a
LOAD C:/ST/STM32CubeIDE_1.19.0/STM32CubeIDE/plugins/com.st.stm32cube.ide.mcu.externaltools.gnu-tools-for-stm32.13.3.rel1.win32_1.0.0.202411081344/tools/bin/../lib/gcc/arm-none-eabi/13.3.1/../../../../arm-none-eabi/lib/thumb/v7e-m+fp/hard\libm.a
LOAD C:/ST/STM32CubeIDE_1.19.0/STM32CubeIDE/plugins/com.st.stm32cube.ide.mcu.externaltools.gnu-tools-for-stm32.13.3.rel1.win32_1.0.0.202411081344/tools/bin/../lib/gcc/arm-none-eabi/13.3.1/thumb/v7e-m+fp/hard\libgcc.a

.comment        0x00000000       0x43
 .comment       0x00000000       0x43 ./Core/Src/24LC16B.o
                                 0x44 (size before relaxing)
 .comment       0x00000043       0x44 ./Core/Src/Config.o
 .comment       0x00000043       0x44 ./Core/Src/Ext_IO.o
 .comment       0x00000043       0x44 ./Core/Src/Fan.o
 .comment       0x00000043       0x44 ./Core/Src/Mesaure.o
 .comment       0x00000043       0x44 ./Core/Src/Parameter.o
 .comment       0x00000043       0x44 ./Core/Src/Process.o
 .comment       0x00000043       0x44 ./Core/Src/Uart.o
 .comment       0x00000043       0x44 ./Core/Src/adc.o
 .comment       0x00000043       0x44 ./Core/Src/dma.o
 .comment       0x00000043       0x44 ./Core/Src/gpio.o
 .comment       0x00000043       0x44 ./Core/Src/i2c.o
 .comment       0x00000043       0x44 ./Core/Src/main.o
 .comment       0x00000043       0x44 ./Core/Src/stm32l4xx_hal_msp.o
 .comment       0x00000043       0x44 ./Core/Src/stm32l4xx_it.o
 .comment       0x00000043       0x44 ./Core/Src/system_stm32l4xx.o
 .comment       0x00000043       0x44 ./Core/Src/tim.o
 .comment       0x00000043       0x44 ./Core/Src/usart.o
 .comment       0x00000043       0x44 ./Drivers/STM32L4xx_HAL_Driver/Src/stm32l4xx_hal.o
 .comment       0x00000043       0x44 ./Drivers/STM32L4xx_HAL_Driver/Src/stm32l4xx_hal_adc.o
 .comment       0x00000043       0x44 ./Drivers/STM32L4xx_HAL_Driver/Src/stm32l4xx_hal_adc_ex.o
 .comment       0x00000043       0x44 ./Drivers/STM32L4xx_HAL_Driver/Src/stm32l4xx_hal_cortex.o
 .comment       0x00000043       0x44 ./Drivers/STM32L4xx_HAL_Driver/Src/stm32l4xx_hal_dma.o
 .comment       0x00000043       0x44 ./Drivers/STM32L4xx_HAL_Driver/Src/stm32l4xx_hal_gpio.o
 .comment       0x00000043       0x44 ./Drivers/STM32L4xx_HAL_Driver/Src/stm32l4xx_hal_i2c.o
 .comment       0x00000043       0x44 ./Drivers/STM32L4xx_HAL_Driver/Src/stm32l4xx_hal_i2c_ex.o
 .comment       0x00000043       0x44 ./Drivers/STM32L4xx_HAL_Driver/Src/stm32l4xx_hal_pwr_ex.o
 .comment       0x00000043       0x44 ./Drivers/STM32L4xx_HAL_Driver/Src/stm32l4xx_hal_rcc.o
 .comment       0x00000043       0x44 ./Drivers/STM32L4xx_HAL_Driver/Src/stm32l4xx_hal_rcc_ex.o
 .comment       0x00000043       0x44 ./Drivers/STM32L4xx_HAL_Driver/Src/stm32l4xx_hal_tim.o
 .comment       0x00000043       0x44 ./Drivers/STM32L4xx_HAL_Driver/Src/stm32l4xx_hal_tim_ex.o
 .comment       0x00000043       0x44 ./Drivers/STM32L4xx_HAL_Driver/Src/stm32l4xx_hal_uart.o
 .comment       0x00000043       0x44 ./Drivers/STM32L4xx_HAL_Driver/Src/stm32l4xx_hal_uart_ex.o

.debug_frame    0x00000000      0x1f4
 .debug_frame   0x00000000       0x20 C:/ST/STM32CubeIDE_1.19.0/STM32CubeIDE/plugins/com.st.stm32cube.ide.mcu.externaltools.gnu-tools-for-stm32.13.3.rel1.win32_1.0.0.202411081344/tools/bin/../lib/gcc/arm-none-eabi/13.3.1/../../../../arm-none-eabi/lib/thumb/v7e-m+fp/hard\libc_nano.a(libc_a-memset.o)
 .debug_frame   0x00000020       0x2c C:/ST/STM32CubeIDE_1.19.0/STM32CubeIDE/plugins/com.st.stm32cube.ide.mcu.externaltools.gnu-tools-for-stm32.13.3.rel1.win32_1.0.0.202411081344/tools/bin/../lib/gcc/arm-none-eabi/13.3.1/../../../../arm-none-eabi/lib/thumb/v7e-m+fp/hard\libc_nano.a(libc_a-init.o)
 .debug_frame   0x0000004c       0x28 C:/ST/STM32CubeIDE_1.19.0/STM32CubeIDE/plugins/com.st.stm32cube.ide.mcu.externaltools.gnu-tools-for-stm32.13.3.rel1.win32_1.0.0.202411081344/tools/bin/../lib/gcc/arm-none-eabi/13.3.1/../../../../arm-none-eabi/lib/thumb/v7e-m+fp/hard\libc_nano.a(libc_a-memcpy-stub.o)
 .debug_frame   0x00000074       0xac C:/ST/STM32CubeIDE_1.19.0/STM32CubeIDE/plugins/com.st.stm32cube.ide.mcu.externaltools.gnu-tools-for-stm32.13.3.rel1.win32_1.0.0.202411081344/tools/bin/../lib/gcc/arm-none-eabi/13.3.1/thumb/v7e-m+fp/hard\libgcc.a(_arm_addsubdf3.o)
 .debug_frame   0x00000120       0x50 C:/ST/STM32CubeIDE_1.19.0/STM32CubeIDE/plugins/com.st.stm32cube.ide.mcu.externaltools.gnu-tools-for-stm32.13.3.rel1.win32_1.0.0.202411081344/tools/bin/../lib/gcc/arm-none-eabi/13.3.1/thumb/v7e-m+fp/hard\libgcc.a(_arm_muldivdf3.o)
 .debug_frame   0x00000170       0x24 C:/ST/STM32CubeIDE_1.19.0/STM32CubeIDE/plugins/com.st.stm32cube.ide.mcu.externaltools.gnu-tools-for-stm32.13.3.rel1.win32_1.0.0.202411081344/tools/bin/../lib/gcc/arm-none-eabi/13.3.1/thumb/v7e-m+fp/hard\libgcc.a(_arm_truncdfsf2.o)
 .debug_frame   0x00000194       0x2c C:/ST/STM32CubeIDE_1.19.0/STM32CubeIDE/plugins/com.st.stm32cube.ide.mcu.externaltools.gnu-tools-for-stm32.13.3.rel1.win32_1.0.0.202411081344/tools/bin/../lib/gcc/arm-none-eabi/13.3.1/thumb/v7e-m+fp/hard\libgcc.a(_aeabi_uldivmod.o)
 .debug_frame   0x000001c0       0x34 C:/ST/STM32CubeIDE_1.19.0/STM32CubeIDE/plugins/com.st.stm32cube.ide.mcu.externaltools.gnu-tools-for-stm32.13.3.rel1.win32_1.0.0.202411081344/tools/bin/../lib/gcc/arm-none-eabi/13.3.1/thumb/v7e-m+fp/hard\libgcc.a(_udivmoddi4.o)
